Component: ARM Compiler 5.06 update 7 (build 960) Tool: armlink [4d3601]

==============================================================================

Section Cross References

    startup_stm32f407xx.o(RESET) refers to startup_stm32f407xx.o(STACK) for __initial_sp
    startup_stm32f407xx.o(RESET) refers to startup_stm32f407xx.o(.text) for Reset_Handler
    startup_stm32f407xx.o(RESET) refers to stm32f4xx_it.o(i.NMI_Handler) for NMI_Handler
    startup_stm32f407xx.o(RESET) refers to stm32f4xx_it.o(i.HardFault_Handler) for HardFault_Handler
    startup_stm32f407xx.o(RESET) refers to stm32f4xx_it.o(i.MemManage_Handler) for MemManage_Handler
    startup_stm32f407xx.o(RESET) refers to stm32f4xx_it.o(i.BusFault_Handler) for BusFault_Handler
    startup_stm32f407xx.o(RESET) refers to stm32f4xx_it.o(i.UsageFault_Handler) for UsageFault_Handler
    startup_stm32f407xx.o(RESET) refers to port.o(.emb_text) for SVC_Handler
    startup_stm32f407xx.o(RESET) refers to stm32f4xx_it.o(i.DebugMon_Handler) for DebugMon_Handler
    startup_stm32f407xx.o(RESET) refers to cmsis_os2.o(i.SysTick_Handler) for SysTick_Handler
    startup_stm32f407xx.o(RESET) refers to stm32f4xx_it.o(i.DMA1_Stream1_IRQHandler) for DMA1_Stream1_IRQHandler
    startup_stm32f407xx.o(RESET) refers to stm32f4xx_it.o(i.DMA1_Stream4_IRQHandler) for DMA1_Stream4_IRQHandler
    startup_stm32f407xx.o(RESET) refers to stm32f4xx_it.o(i.DMA1_Stream6_IRQHandler) for DMA1_Stream6_IRQHandler
    startup_stm32f407xx.o(RESET) refers to stm32f4xx_it.o(i.CAN1_RX0_IRQHandler) for CAN1_RX0_IRQHandler
    startup_stm32f407xx.o(RESET) refers to stm32f4xx_it.o(i.TIM2_IRQHandler) for TIM2_IRQHandler
    startup_stm32f407xx.o(RESET) refers to stm32f4xx_it.o(i.TIM3_IRQHandler) for TIM3_IRQHandler
    startup_stm32f407xx.o(RESET) refers to stm32f4xx_it.o(i.TIM4_IRQHandler) for TIM4_IRQHandler
    startup_stm32f407xx.o(RESET) refers to stm32f4xx_it.o(i.USART1_IRQHandler) for USART1_IRQHandler
    startup_stm32f407xx.o(RESET) refers to stm32f4xx_it.o(i.USART2_IRQHandler) for USART2_IRQHandler
    startup_stm32f407xx.o(RESET) refers to stm32f4xx_it.o(i.USART3_IRQHandler) for USART3_IRQHandler
    startup_stm32f407xx.o(RESET) refers to stm32f4xx_it.o(i.UART4_IRQHandler) for UART4_IRQHandler
    startup_stm32f407xx.o(RESET) refers to stm32f4xx_it.o(i.TIM7_IRQHandler) for TIM7_IRQHandler
    startup_stm32f407xx.o(RESET) refers to stm32f4xx_it.o(i.DMA2_Stream0_IRQHandler) for DMA2_Stream0_IRQHandler
    startup_stm32f407xx.o(RESET) refers to stm32f4xx_it.o(i.CAN2_RX1_IRQHandler) for CAN2_RX1_IRQHandler
    startup_stm32f407xx.o(RESET) refers to stm32f4xx_it.o(i.OTG_FS_IRQHandler) for OTG_FS_IRQHandler
    startup_stm32f407xx.o(RESET) refers to stm32f4xx_it.o(i.DMA2_Stream7_IRQHandler) for DMA2_Stream7_IRQHandler
    startup_stm32f407xx.o(.text) refers to system_stm32f4xx.o(i.SystemInit) for SystemInit
    startup_stm32f407xx.o(.text) refers to entry.o(.ARM.Collect$$$$00000000) for __main
    main.o(i.HAL_TIM_PeriodElapsedCallback) refers to stm32f4xx_hal.o(i.HAL_IncTick) for HAL_IncTick
    main.o(i.SystemClock_Config) refers to memseta.o(.text) for __aeabi_memclr4
    main.o(i.SystemClock_Config) refers to stm32f4xx_hal_rcc.o(i.HAL_RCC_OscConfig) for HAL_RCC_OscConfig
    main.o(i.SystemClock_Config) refers to stm32f4xx_hal_rcc.o(i.HAL_RCC_ClockConfig) for HAL_RCC_ClockConfig
    main.o(i.fputc) refers to stm32f4xx_hal_uart.o(i.HAL_UART_Transmit) for HAL_UART_Transmit
    main.o(i.fputc) refers to main.o(.data) for .data
    main.o(i.get_EnKeyState) refers to stm32f4xx_hal_gpio.o(i.HAL_GPIO_ReadPin) for HAL_GPIO_ReadPin
    main.o(i.get_EnKeyState) refers to main.o(.data) for .data
    main.o(i.get_HardWareVersion) refers to main.o(.data) for .data
    main.o(i.main) refers to stm32f4xx_hal.o(i.HAL_Init) for HAL_Init
    main.o(i.main) refers to main.o(i.SystemClock_Config) for SystemClock_Config
    main.o(i.main) refers to gpio.o(i.MX_GPIO_Init) for MX_GPIO_Init
    main.o(i.main) refers to dma.o(i.MX_DMA_Init) for MX_DMA_Init
    main.o(i.main) refers to usart.o(i.MX_USART1_UART_Init) for MX_USART1_UART_Init
    main.o(i.main) refers to usart.o(i.MX_USART2_UART_Init) for MX_USART2_UART_Init
    main.o(i.main) refers to usart.o(i.MX_USART3_UART_Init) for MX_USART3_UART_Init
    main.o(i.main) refers to usart.o(i.MX_UART4_Init) for MX_UART4_Init
    main.o(i.main) refers to tim.o(i.MX_TIM2_Init) for MX_TIM2_Init
    main.o(i.main) refers to tim.o(i.MX_TIM3_Init) for MX_TIM3_Init
    main.o(i.main) refers to tim.o(i.MX_TIM4_Init) for MX_TIM4_Init
    main.o(i.main) refers to tim.o(i.MX_TIM6_Init) for MX_TIM6_Init
    main.o(i.main) refers to tim.o(i.MX_TIM9_Init) for MX_TIM9_Init
    main.o(i.main) refers to tim.o(i.MX_TIM11_Init) for MX_TIM11_Init
    main.o(i.main) refers to adc.o(i.MX_ADC1_Init) for MX_ADC1_Init
    main.o(i.main) refers to can.o(i.MX_CAN1_Init) for MX_CAN1_Init
    main.o(i.main) refers to can.o(i.MX_CAN2_Init) for MX_CAN2_Init
[...]
    0x08003788   0x08003788   0x00000024   Code   RO         3245    i.HAL_Delay         stm32f4xx_hal.o
    0x080037ac   0x080037ac   0x00000098   Code   RO         2635    i.HAL_FLASHEx_Erase  stm32f4xx_hal_flash_ex.o
    0x08003844   0x08003844   0x00000014   Code   RO         2523    i.HAL_FLASH_Lock    stm32f4xx_hal_flash.o
    0x08003858   0x08003858   0x0000007c   Code   RO         2528    i.HAL_FLASH_Program  stm32f4xx_hal_flash.o
    0x080038d4   0x080038d4   0x0000002c   Code   RO         2530    i.HAL_FLASH_Unlock  stm32f4xx_hal_flash.o
    0x08003900   0x08003900   0x00000168   Code   RO         2710    i.HAL_GPIO_DeInit   stm32f4xx_hal_gpio.o
    0x08003a68   0x08003a68   0x000001f0   Code   RO         2713    i.HAL_GPIO_Init     stm32f4xx_hal_gpio.o
    0x08003c58   0x08003c58   0x0000000a   Code   RO         2715    i.HAL_GPIO_ReadPin  stm32f4xx_hal_gpio.o
    0x08003c62   0x08003c62   0x00000010   Code   RO         2716    i.HAL_GPIO_TogglePin  stm32f4xx_hal_gpio.o
    0x08003c72   0x08003c72   0x0000000a   Code   RO         2717    i.HAL_GPIO_WritePin  stm32f4xx_hal_gpio.o
    0x08003c7c   0x08003c7c   0x0000000c   Code   RO         3251    i.HAL_GetTick       stm32f4xx_hal.o
    0x08003c88   0x08003c88   0x00000008   Code   RO         8690    i.HAL_HCD_Connect_Callback  usbh_conf.o
    0x08003c90   0x08003c90   0x00000008   Code   RO         8691    i.HAL_HCD_Disconnect_Callback  usbh_conf.o
    0x08003c98   0x08003c98   0x00000006   Code   RO         1862    i.HAL_HCD_GetCurrentFrame  stm32f4xx_hal_hcd.o
    0x08003c9e   0x08003c9e   0x00000006   Code   RO         1863    i.HAL_HCD_GetCurrentSpeed  stm32f4xx_hal_hcd.o
    0x08003ca4   0x08003ca4   0x00000018   Code   RO         1865    i.HAL_HCD_HC_ClearHubInfo  stm32f4xx_hal_hcd.o
    0x08003cbc   0x08003cbc   0x0000000e   Code   RO         1867    i.HAL_HCD_HC_GetURBState  stm32f4xx_hal_hcd.o
    0x08003cca   0x08003cca   0x0000000c   Code   RO         1868    i.HAL_HCD_HC_GetXferCount  stm32f4xx_hal_hcd.o
    0x08003cd6   0x08003cd6   0x0000009c   Code   RO         1870    i.HAL_HCD_HC_Init   stm32f4xx_hal_hcd.o
    0x08003d72   0x08003d72   0x00000008   Code   RO         8692    i.HAL_HCD_HC_NotifyURBChange_Callback  usbh_conf.o
    0x08003d7a   0x08003d7a   0x0000009a   Code   RO         1873    i.HAL_HCD_HC_SubmitRequest  stm32f4xx_hal_hcd.o
    0x08003e14   0x08003e14   0x00000142   Code   RO         1874    i.HAL_HCD_IRQHandler  stm32f4xx_hal_hcd.o
    0x08003f56   0x08003f56   0x00000070   Code   RO         1875    i.HAL_HCD_Init      stm32f4xx_hal_hcd.o
    0x08003fc6   0x08003fc6   0x00000002   PAD
    0x08003fc8   0x08003fc8   0x00000084   Code   RO         8694    i.HAL_HCD_MspInit   usbh_conf.o
    0x0800404c   0x0800404c   0x00000008   Code   RO         8695    i.HAL_HCD_PortDisabled_Callback  usbh_conf.o
    0x08004054   0x08004054   0x00000008   Code   RO         8696    i.HAL_HCD_PortEnabled_Callback  usbh_conf.o
    0x0800405c   0x0800405c   0x00000006   Code   RO         1880    i.HAL_HCD_ResetPort  stm32f4xx_hal_hcd.o
    0x08004062   0x08004062   0x00000008   Code   RO         8697    i.HAL_HCD_SOF_Callback  usbh_conf.o
    0x0800406a   0x0800406a   0x0000002c   Code   RO         1882    i.HAL_HCD_Start     stm32f4xx_hal_hcd.o
    0x08004096   0x08004096   0x00000024   Code   RO         1883    i.HAL_HCD_Stop      stm32f4xx_hal_hcd.o
    0x080040ba   0x080040ba   0x00000002   PAD
    0x080040bc   0x080040bc   0x00000010   Code   RO         3257    i.HAL_IncTick       stm32f4xx_hal.o
    0x080040cc   0x080040cc   0x00000034   Code   RO         3258    i.HAL_Init          stm32f4xx_hal.o
    0x08004100   0x08004100   0x00000098   Code   RO          847    i.HAL_InitTick      stm32f4xx_hal_timebase_tim.o
    0x08004198   0x08004198   0x00000038   Code   RO          823    i.HAL_MspInit       stm32f4xx_hal_msp.o
    0x080041d0   0x080041d0   0x0000001a   Code   RO         3103    i.HAL_NVIC_EnableIRQ  stm32f4xx_hal_cortex.o
    0x080041ea   0x080041ea   0x00000002   PAD
    0x080041ec   0x080041ec   0x00000040   Code   RO         3109    i.HAL_NVIC_SetPriority  stm32f4xx_hal_cortex.o
    0x0800422c   0x0800422c   0x00000024   Code   RO         3110    i.HAL_NVIC_SetPriorityGrouping  stm32f4xx_hal_cortex.o
    0x08004250   0x08004250   0x00000134   Code   RO         2359    i.HAL_RCC_ClockConfig  stm32f4xx_hal_rcc.o
    0x08004384   0x08004384   0x00000040   Code   RO         2363    i.HAL_RCC_GetClockConfig  stm32f4xx_hal_rcc.o
    0x080043c4   0x080043c4   0x00000020   Code   RO         2366    i.HAL_RCC_GetPCLK1Freq  stm32f4xx_hal_rcc.o
    0x080043e4   0x080043e4   0x00000020   Code   RO         2367    i.HAL_RCC_GetPCLK2Freq  stm32f4xx_hal_rcc.o
    0x08004404   0x08004404   0x00000060   Code   RO         2368    i.HAL_RCC_GetSysClockFreq  stm32f4xx_hal_rcc.o
    0x08004464   0x08004464   0x0000036c   Code   RO         2371    i.HAL_RCC_OscConfig  stm32f4xx_hal_rcc.o
    0x080047d0   0x080047d0   0x00000002   Code   RO         1592    i.HAL_TIMEx_BreakCallback  stm32f4xx_hal_tim_ex.o
    0x080047d2   0x080047d2   0x00000002   Code   RO         1593    i.HAL_TIMEx_CommutCallback  stm32f4xx_hal_tim_ex.o
    0x080047d4   0x080047d4   0x00000054   Code   RO         1595    i.HAL_TIMEx_ConfigBreakDeadTime  stm32f4xx_hal_tim_ex.o
    0x08004828   0x08004828   0x00000090   Code   RO         1611    i.HAL_TIMEx_MasterConfigSynchronization  stm32f4xx_hal_tim_ex.o
    0x080048b8   0x080048b8   0x0000005a   Code   RO          888    i.HAL_TIM_Base_Init  stm32f4xx_hal_tim.o
    0x08004912   0x08004912   0x00000002   PAD
    0x08004914   0x08004914   0x000001cc   Code   RO          526    i.HAL_TIM_Base_MspInit  tim.o
    0x08004ae0   0x08004ae0   0x00000078   Code   RO          891    i.HAL_TIM_Base_Start  stm32f4xx_hal_tim.o
    0x08004b58   0x08004b58   0x00000080   Code   RO          893    i.HAL_TIM_Base_Start_IT  stm32f4xx_hal_tim.o
    0x08004bd8   0x08004bd8   0x000000dc   Code   RO          897    i.HAL_TIM_ConfigClockSource  stm32f4xx_hal_tim.o
    0x08004cb4   0x08004cb4   0x00000048   Code   RO         7879    i.HAL_TIM_IC_CaptureCallback  tim_capture_callback.o
    0x08004cfc   0x08004cfc   0x00000124   Code   RO          924    i.HAL_TIM_IC_ConfigChannel  stm32f4xx_hal_tim.o
    0x08004e20   0x08004e20   0x0000005a   Code   RO          927    i.HAL_TIM_IC_Init   stm32f4xx_hal_tim.o
    0x08004e7a   0x08004e7a   0x00000002   Code   RO          929    i.HAL_TIM_IC_MspInit  stm32f4xx_hal_tim.o
    0x08004e7c   0x08004e7c   0x0000010c   Code   RO          932    i.HAL_TIM_IC_Start_IT  stm32f4xx_hal_tim.o
    0x08004f88   0x08004f88   0x00000092   Code   RO          935    i.HAL_TIM_IC_Stop_IT  stm32f4xx_hal_tim.o
    0x0800501a   0x0800501a   0x00000130   Code   RO          936    i.HAL_TIM_IRQHandler  stm32f4xx_hal_tim.o
    0x0800514a   0x0800514a   0x00000002   PAD
    0x0800514c   0x0800514c   0x000000b4   Code   RO          527    i.HAL_TIM_MspPostInit  tim.o
    0x08005200   0x08005200   0x00000002   Code   RO          939    i.HAL_TIM_OC_DelayElapsedCallback  stm32f4xx_hal_tim.o
    0x08005202   0x08005202   0x000000cc   Code   RO          960    i.HAL_TIM_PWM_ConfigChannel  stm32f4xx_hal_tim.o
    0x080052ce   0x080052ce   0x0000005a   Code   RO          963    i.HAL_TIM_PWM_Init  stm32f4xx_hal_tim.o
    0x08005328   0x08005328   0x00000002   Code   RO          965    i.HAL_TIM_PWM_MspInit  stm32f4xx_hal_tim.o
    0x0800532a   0x0800532a   0x00000002   Code   RO          966    i.HAL_TIM_PWM_PulseFinishedCallback  stm32f4xx_hal_tim.o
    0x0800532c   0x0800532c   0x000000c8   Code   RO          968    i.HAL_TIM_PWM_Start  stm32f4xx_hal_tim.o
    0x080053f4   0x080053f4   0x00000014   Code   RO           14    i.HAL_TIM_PeriodElapsedCallback  main.o
    0x08005408   0x08005408   0x0000002a   Code   RO          976    i.HAL_TIM_ReadCapturedValue  stm32f4xx_hal_tim.o
    0x08005432   0x08005432   0x00000002   Code   RO          979    i.HAL_TIM_TriggerCallback  stm32f4xx_hal_tim.o
    0x08005434   0x08005434   0x00000002   Code   RO         4020    i.HAL_UARTEx_RxEventCallback  stm32f4xx_hal_uart.o
    0x08005436   0x08005436   0x00000002   Code   RO         4034    i.HAL_UART_ErrorCallback  stm32f4xx_hal_uart.o
    0x08005438   0x08005438   0x00000270   Code   RO         4037    i.HAL_UART_IRQHandler  stm32f4xx_hal_uart.o
    0x080056a8   0x080056a8   0x00000064   Code   RO         4038    i.HAL_UART_Init     stm32f4xx_hal_uart.o
    0x0800570c   0x0800570c   0x00000290   Code   RO          610    i.HAL_UART_MspInit  usart.o
    0x0800599c   0x0800599c   0x0000001c   Code   RO         4043    i.HAL_UART_Receive_IT  stm32f4xx_hal_uart.o
    0x080059b8   0x080059b8   0x000000e8   Code   RO         7950    i.HAL_UART_RxCpltCallback  uart_callback.o
    0x08005aa0   0x08005aa0   0x000000a0   Code   RO         4046    i.HAL_UART_Transmit  stm32f4xx_hal_uart.o
    0x08005b40   0x08005b40   0x00000078   Code   RO         4047    i.HAL_UART_Transmit_DMA  stm32f4xx_hal_uart.o
    0x08005bb8   0x08005bb8   0x00000002   Code   RO         4049    i.HAL_UART_TxCpltCallback  stm32f4xx_hal_uart.o
    0x08005bba   0x08005bba   0x00000002   Code   RO         4050    i.HAL_UART_TxHalfCpltCallback  stm32f4xx_hal_uart.o
    0x08005bbc   0x08005bbc   0x0000037c   Code   RO         1885    i.HCD_HC_IN_IRQHandler  stm32f4xx_hal_hcd.o
    0x08005f38   0x08005f38   0x000002e2   Code   RO         1886    i.HCD_HC_OUT_IRQHandler  stm32f4xx_hal_hcd.o
    0x0800621a   0x0800621a   0x00000094   Code   RO         1887    i.HCD_Port_IRQHandler  stm32f4xx_hal_hcd.o
    0x080062ae   0x080062ae   0x00000086   Code   RO         1888    i.HCD_RXQLVL_IRQHandler  stm32f4xx_hal_hcd.o
    0x08006334   0x08006334   0x00000180   Code   RO         6811    i.HSVtoRGB          bsp_rgblight.o
    0x080064b4   0x080064b4   0x00000002   Code   RO          678    i.HardFault_Handler  stm32f4xx_it.o
    0x080064b6   0x080064b6   0x00000002   PAD
    0x080064b8   0x080064b8   0x0000019c   Code   RO         7570    i.HardWare_Info_show  show_task.o
    0x08006654   0x08006654   0x00000038   Code   RO         6927    i.HeartbeatTask     bsp_servodrive.o
    0x0800668c   0x0800668c   0x00000068   Code   RO         6737    i.ICM20948_DeInit   bsp_icm20948.o
    0x080066f4   0x080066f4   0x00000194   Code   RO         6738    i.ICM20948_Init     bsp_icm20948.o
    0x08006888   0x08006888   0x0000005e   Code   RO         6636    i.IIC_Master_Receive  bsp_siic.o
    0x080068e6   0x080068e6   0x00000058   Code   RO         6637    i.IIC_Master_Transmit  bsp_siic.o
    0x0800693e   0x0800693e   0x00000084   Code   RO         6638    i.IIC_Mem_Read      bsp_siic.o
    0x080069c2   0x080069c2   0x00000066   Code   RO         6639    i.IIC_Mem_Write     bsp_siic.o
    0x08006a28   0x08006a28   0x000000dc   Code   RO         7571    i.ImuShow           show_task.o
    0x08006b04   0x08006b04   0x00000118   Code   RO         7436    i.ImuTask           imu_task.o
    0x08006c1c   0x08006c1c   0x00000204   Code   RO         6739    i.ImuUpdate         bsp_icm20948.o
    0x08006e20   0x08006e20   0x00000130   Code   RO         7572    i.JoyShow           show_task.o
    0x08006f50   0x08006f50   0x000001c4   Code   RO         7218    i.Linear_IMUHelp    robotcontrol_task.o
    0x08007114   0x08007114   0x0000007c   Code   RO          412    i.MX_ADC1_Init      adc.o
    0x08007190   0x08007190   0x00000044   Code   RO          454    i.MX_CAN1_Init      can.o
    0x080071d4   0x080071d4   0x00000044   Code   RO          455    i.MX_CAN2_Init      can.o
    0x08007218   0x08007218   0x0000007c   Code   RO          501    i.MX_DMA_Init       dma.o
    0x08007294   0x08007294   0x00000218   Code   RO          302    i.MX_FREERTOS_Init  freertos.o
    0x080074ac   0x080074ac   0x0000019c   Code   RO          278    i.MX_GPIO_Init      gpio.o
    0x08007648   0x08007648   0x00000068   Code   RO          528    i.MX_TIM11_Init     tim.o
    0x080076b0   0x080076b0   0x000000a4   Code   RO          529    i.MX_TIM2_Init      tim.o
    0x08007754   0x08007754   0x000000c4   Code   RO          530    i.MX_TIM3_Init      tim.o
    0x08007818   0x08007818   0x000000c8   Code   RO          531    i.MX_TIM4_Init      tim.o
    0x080078e0   0x080078e0   0x00000048   Code   RO          532    i.MX_TIM6_Init      tim.o
    0x08007928   0x08007928   0x000000d8   Code   RO          533    i.MX_TIM8_Init      tim.o
    0x08007a00   0x08007a00   0x00000094   Code   RO          534    i.MX_TIM9_Init      tim.o
    0x08007a94   0x08007a94   0x00000038   Code   RO          611    i.MX_UART4_Init     usart.o
    0x08007acc   0x08007acc   0x00000038   Code   RO          612    i.MX_USART1_UART_Init  usart.o
    0x08007b04   0x08007b04   0x00000038   Code   RO          613    i.MX_USART2_UART_Init  usart.o
    0x08007b3c   0x08007b3c   0x00000038   Code   RO          614    i.MX_USART3_UART_Init  usart.o
    0x08007b74   0x08007b74   0x00000068   Code   RO         8641    i.MX_USB_HOST_Init  usb_host.o
    0x08007bdc   0x08007bdc   0x00000002   Code   RO          679    i.MemManage_Handler  stm32f4xx_it.o
    0x08007bde   0x08007bde   0x00000002   Code   RO          680    i.NMI_Handler       stm32f4xx_it.o
    0x08007be0   0x08007be0   0x0000002c   Code   RO         6320    i.OLED_Clear        bsp_oled.o
    0x08007c0c   0x08007c0c   0x0000003c   Code   RO         6321    i.OLED_DrawPoint    bsp_oled.o
    0x08007c48   0x08007c48   0x000000f8   Code   RO         6322    i.OLED_Init         bsp_oled.o
    0x08007d40   0x08007d40   0x0000004c   Code   RO         6323    i.OLED_Refresh_Gram  bsp_oled.o
    0x08007d8c   0x08007d8c   0x00000090   Code   RO         6324    i.OLED_ShowChar     bsp_oled.o
    0x08007e1c   0x08007e1c   0x00000080   Code   RO         6325    i.OLED_ShowNumber   bsp_oled.o
    0x08007e9c   0x08007e9c   0x0000003c   Code   RO         6326    i.OLED_ShowShortNum  bsp_oled.o
    0x08007ed8   0x08007ed8   0x0000003e   Code   RO         6327    i.OLED_ShowString   bsp_oled.o
    0x08007f16   0x08007f16   0x00000002   PAD
    0x08007f18   0x08007f18   0x00000070   Code   RO         6328    i.OLED_WR_Byte      bsp_oled.o
    0x08007f88   0x08007f88   0x0000000c   Code   RO          681    i.OTG_FS_IRQHandler  stm32f4xx_it.o
    0x08007f94   0x08007f94   0x0000002c   Code   RO         6740    i.Q_rsqrt           bsp_icm20948.o
    0x08007fc0   0x08007fc0   0x000000c0   Code   RO         7786    i.RGBControl_task   rgbstripcontrol_task.o
    0x08008080   0x08008080   0x0000005c   Code   RO         6812    i.RGBLight_Init     bsp_rgblight.o
    0x080080dc   0x080080dc   0x0000009c   Code   RO         6813    i.RGB_BlinkTask     bsp_rgblight.o
    0x08008178   0x08008178   0x00000130   Code   RO         6814    i.RGB_BreathTask    bsp_rgblight.o
    0x080082a8   0x080082a8   0x000000b0   Code   RO         6815    i.RGB_ErrorTipsTask  bsp_rgblight.o
    0x08008358   0x08008358   0x00000098   Code   RO         6816    i.RGB_FadeTask      bsp_rgblight.o
    0x080083f0   0x080083f0   0x000000cc   Code   RO         7787    i.RGB_PriorityManagement  rgbstripcontrol_task.o
    0x080084bc   0x080084bc   0x000000f4   Code   RO         6817    i.RGB_RainbowTask   bsp_rgblight.o
    0x080085b0   0x080085b0   0x00000054   Code   RO         6818    i.RGB_Set           bsp_rgblight.o
    0x08008604   0x08008604   0x00000084   Code   RO         6819    i.RGB_SetBlink      bsp_rgblight.o
    0x08008688   0x08008688   0x0000007c   Code   RO         6820    i.RGB_SetColorFade  bsp_rgblight.o
    0x08008704   0x08008704   0x00000030   Code   RO         6821    i.RGB_SetColorImmediate  bsp_rgblight.o
    0x08008734   0x08008734   0x00000058   Code   RO         6822    i.RGB_ShowError     bsp_rgblight.o
    0x0800878c   0x0800878c   0x00000078   Code   RO         6823    i.RGB_StartBreath   bsp_rgblight.o
    0x08008804   0x08008804   0x00000050   Code   RO         6824    i.RGB_StartRainbow  bsp_rgblight.o
    0x08008854   0x08008854   0x0000001c   Code   RO         6825    i.RGB_StopEffect    bsp_rgblight.o
    0x08008870   0x08008870   0x0000000e   Code   RO         6826    i.RGB_TurnOff       bsp_rgblight.o
    0x0800887e   0x0800887e   0x00000002   PAD
    0x08008880   0x08008880   0x00000174   Code   RO         7681    i.RangerHandle_Result  sensor_ranger.o
    0x080089f4   0x080089f4   0x0000008c   Code   RO         7682    i.RangerReset       sensor_ranger.o
    0x08008a80   0x08008a80   0x0000017c   Code   RO         7573    i.RangerSensorShow  show_task.o
    0x08008bfc   0x08008bfc   0x0000001c   Code   RO         7683    i.RangerSensor_CaptureCallBack  sensor_ranger.o
    0x08008c18   0x08008c18   0x00000064   Code   RO         7684    i.Ranger_IC_CaptureCallback  sensor_ranger.o
    0x08008c7c   0x08008c7c   0x00000be8   Code   RO         7821    i.ReportErrTask     reporterr_task.o
    0x08009864   0x08009864   0x00000088   Code   RO         7219    i.RobotControl_SetDebugLevel  robotcontrol_task.o
    0x080098ec   0x080098ec   0x00000314   Code   RO         7220    i.RobotControl_task  robotcontrol_task.o
    0x08009c00   0x08009c00   0x000004ce   Code   RO         7654    i.RobotDataTransmitTask  data_task.o
    0x0800a0ce   0x0800a0ce   0x00000002   PAD
    0x0800a0d0   0x0800a0d0   0x000006a8   Code   RO         7574    i.RobotMainInfoShow  show_task.o
    0x0800a778   0x0800a778   0x00000058   Code   RO         7221    i.Robot_DriverRecovery  robotcontrol_task.o
    0x0800a7d0   0x0800a7d0   0x00000030   Code   RO         7222    i.Robot_DriverSetParkingMode  robotcontrol_task.o
    0x0800a800   0x0800a800   0x000000f0   Code   RO         7223    i.Robot_Forwardkinematics  robotcontrol_task.o
    0x0800a8f0   0x0800a8f0   0x00000024   Code   RO         7852    i.Robot_Init        robot_select_init.o
    0x0800a914   0x0800a914   0x000000cc   Code   RO         7853    i.Robot_Select      robot_select_init.o
    0x0800a9e0   0x0800a9e0   0x00000228   Code   RO         7397    i.SerialControlTask  serialcontrol_task.o
    0x0800ac08   0x0800ac08   0x00000038   Code   RO         8013    i.ServoBasic_EnqueueCanMessageFromISR  servo_basic_control.o
    0x0800ac40   0x0800ac40   0x000000bc   Code   RO         8014    i.ServoBasic_GetOrinFeedback  servo_basic_control.o
    0x0800acfc   0x0800acfc   0x0000008c   Code   RO         8016    i.ServoBasic_HandleCanMessage  servo_basic_control.o
    0x0800ad88   0x0800ad88   0x0000006c   Code   RO         8017    i.ServoBasic_Init   servo_basic_control.o
    0x0800adf4   0x0800adf4   0x0000000c   Code   RO         8019    i.ServoBasic_IsRcOverrideActive  servo_basic_control.o
    0x0800ae00   0x0800ae00   0x00000020   Code   RO         7977    i.ServoBasic_OutputEscPulse  servo_basic_output.o
    0x0800ae20   0x0800ae20   0x00000020   Code   RO         7978    i.ServoBasic_OutputServoPulse  servo_basic_output.o
    0x0800ae40   0x0800ae40   0x000000a0   Code   RO         8022    i.ServoBasic_ProcessControl  servo_basic_control.o
    0x0800aee0   0x0800aee0   0x0000006c   Code   RO         8023    i.ServoBasic_Task   servo_basic_control.o
    0x0800af4c   0x0800af4c   0x0000001c   Code   RO         8024    i.ServoBasic_TaskInit  servo_basic_control.o
    0x0800af68   0x0800af68   0x000000f0   Code   RO         8025    i.ServoBasic_UpdateFromOrin  servo_basic_control.o
    0x0800b058   0x0800b058   0x0000006c   Code   RO         6928    i.ServoDrive_SetCurki  bsp_servodrive.o
    0x0800b0c4   0x0800b0c4   0x0000006c   Code   RO         6929    i.ServoDrive_SetCurkp  bsp_servodrive.o
    0x0800b130   0x0800b130   0x0000006c   Code   RO         6930    i.ServoDrive_SetSpeedki  bsp_servodrive.o
    0x0800b19c   0x0800b19c   0x0000006c   Code   RO         6931    i.ServoDrive_SetSpeedkp  bsp_servodrive.o
    0x0800b208   0x0800b208   0x0000013c   Code   RO         7575    i.ServoDriverInfo_Show  show_task.o
    0x0800b344   0x0800b344   0x00000098   Code   RO         6932    i.ServoDriver_CheckError  bsp_servodrive.o
    0x0800b3dc   0x0800b3dc   0x0000003a   Code   RO         6933    i.ServoDriver_ClearError  bsp_servodrive.o
    0x0800b416   0x0800b416   0x00000018   Code   RO         6934    i.ServoDriver_Disable  bsp_servodrive.o
    0x0800b42e   0x0800b42e   0x0000004e   Code   RO         6935    i.ServoDriver_Enable  bsp_servodrive.o
    0x0800b47c   0x0800b47c   0x000001c8   Code   RO         6936    i.ServoDriver_Init  bsp_servodrive.o
    0x0800b644   0x0800b644   0x000000ac   Code   RO         6937    i.ServoDriver_MappingTPDO0  bsp_servodrive.o
    0x0800b6f0   0x0800b6f0   0x00000054   Code   RO         6938    i.ServoDriver_OnLineCheck  bsp_servodrive.o
    0x0800b744   0x0800b744   0x0000002c   Code   RO         6939    i.ServoDriver_ParkingMode  bsp_servodrive.o
    0x0800b770   0x0800b770   0x00000026   Code   RO         6940    i.ServoDriver_ReleaseMotor  bsp_servodrive.o
    0x0800b796   0x0800b796   0x00000024   Code   RO         6941    i.ServoDriver_SaveEEPROM  bsp_servodrive.o
    0x0800b7ba   0x0800b7ba   0x00000002   PAD
    0x0800b7bc   0x0800b7bc   0x00000030   Code   RO         8335    i.ServoRC_Capture_Init  servo_rc_capture.o
    0x0800b7ec   0x0800b7ec   0x0000000c   Code   RO         8336    i.ServoRC_GetGuardPulse  servo_rc_capture.o
    0x0800b7f8   0x0800b7f8   0x0000000c   Code   RO         8338    i.ServoRC_GetSteeringPulse  servo_rc_capture.o
    0x0800b804   0x0800b804   0x0000000c   Code   RO         8339    i.ServoRC_GetThrottlePulse  servo_rc_capture.o
    0x0800b810   0x0800b810   0x0000011c   Code   RO         8340    i.ServoRC_HandleChannel  servo_rc_capture.o
    0x0800b92c   0x0800b92c   0x0000000c   Code   RO         8341    i.ServoRC_HasGuardFault  servo_rc_capture.o
    0x0800b938   0x0800b938   0x0000000c   Code   RO         8342    i.ServoRC_HasSteeringFault  servo_rc_capture.o
    0x0800b944   0x0800b944   0x0000000c   Code   RO         8343    i.ServoRC_HasThrottleFault  servo_rc_capture.o
    0x0800b950   0x0800b950   0x00000040   Code   RO         8344    i.ServoRC_IC_CaptureCallback  servo_rc_capture.o
    0x0800b990   0x0800b990   0x00000020   Code   RO         8345    i.ServoRC_IsActive  servo_rc_capture.o
    0x0800b9b0   0x0800b9b0   0x0000000c   Code   RO         8346    i.ServoRC_IsGuardActive  servo_rc_capture.o
    0x0800b9bc   0x0800b9bc   0x0000000c   Code   RO         8348    i.ServoRC_IsSteeringActive  servo_rc_capture.o
    0x0800b9c8   0x0800b9c8   0x0000000c   Code   RO         8349    i.ServoRC_IsThrottleActive  servo_rc_capture.o
    0x0800b9d4   0x0800b9d4   0x000000a2   Code   RO         7224    i.Smooth_control    robotcontrol_task.o
    0x0800ba76   0x0800ba76   0x00000002   PAD
    0x0800ba78   0x0800ba78   0x00000090   Code   RO          303    i.StartInitTask     freertos.o
    0x0800bb08   0x0800bb08   0x000000a8   Code   RO         8447    i.SwitchPro_GamePad_Init  usbh_hid_gamepad.o
    0x0800bbb0   0x0800bbb0   0x0000001a   Code   RO         5534    i.SysTick_Handler   cmsis_os2.o
    0x0800bbca   0x0800bbca   0x00000002   PAD
    0x0800bbcc   0x0800bbcc   0x00000094   Code   RO           15    i.SystemClock_Config  main.o
    0x0800bc60   0x0800bc60   0x00000010   Code   RO         4372    i.SystemInit        system_stm32f4xx.o
    0x0800bc70   0x0800bc70   0x0000000c   Code   RO          682    i.TIM2_IRQHandler   stm32f4xx_it.o
    0x0800bc7c   0x0800bc7c   0x0000000c   Code   RO          683    i.TIM3_IRQHandler   stm32f4xx_it.o
    0x0800bc88   0x0800bc88   0x0000000c   Code   RO          684    i.TIM4_IRQHandler   stm32f4xx_it.o
    0x0800bc94   0x0800bc94   0x0000000c   Code   RO          685    i.TIM7_IRQHandler   stm32f4xx_it.o
    0x0800bca0   0x0800bca0   0x000000d8   Code   RO          981    i.TIM_Base_SetConfig  stm32f4xx_hal_tim.o
    0x0800bd78   0x0800bd78   0x0000001a   Code   RO          982    i.TIM_CCxChannelCmd  stm32f4xx_hal_tim.o
    0x0800bd92   0x0800bd92   0x00000014   Code   RO          992    i.TIM_ETR_SetConfig  stm32f4xx_hal_tim.o
    0x0800bda6   0x0800bda6   0x00000010   Code   RO          993    i.TIM_ITRx_SetConfig  stm32f4xx_hal_tim.o
    0x0800bdb6   0x0800bdb6   0x00000002   PAD
    0x0800bdb8   0x0800bdb8   0x00000060   Code   RO          994    i.TIM_OC1_SetConfig  stm32f4xx_hal_tim.o
    0x0800be18   0x0800be18   0x0000006c   Code   RO          995    i.TIM_OC2_SetConfig  stm32f4xx_hal_tim.o
    0x0800be84   0x0800be84   0x00000068   Code   RO          996    i.TIM_OC3_SetConfig  stm32f4xx_hal_tim.o
    0x0800beec   0x0800beec   0x00000050   Code   RO          997    i.TIM_OC4_SetConfig  stm32f4xx_hal_tim.o
    0x0800bf3c   0x0800bf3c   0x00000022   Code   RO          999    i.TIM_TI1_ConfigInputStage  stm32f4xx_hal_tim.o
    0x0800bf5e   0x0800bf5e   0x00000002   PAD
    0x0800bf60   0x0800bf60   0x00000080   Code   RO         1000    i.TIM_TI1_SetConfig  stm32f4xx_hal_tim.o
    0x0800bfe0   0x0800bfe0   0x00000024   Code   RO         1001    i.TIM_TI2_ConfigInputStage  stm32f4xx_hal_tim.o
    0x0800c004   0x0800c004   0x00000036   Code   RO         1002    i.TIM_TI2_SetConfig  stm32f4xx_hal_tim.o
    0x0800c03a   0x0800c03a   0x00000002   PAD
    0x0800c03c   0x0800c03c   0x0000000c   Code   RO          686    i.UART4_IRQHandler  stm32f4xx_it.o
    0x0800c048   0x0800c048   0x00000010   Code   RO         4051    i.UART_DMAAbortOnError  stm32f4xx_hal_uart.o
    0x0800c058   0x0800c058   0x0000004a   Code   RO         4052    i.UART_DMAError     stm32f4xx_hal_uart.o
    0x0800c0a2   0x0800c0a2   0x00000042   Code   RO         4057    i.UART_DMATransmitCplt  stm32f4xx_hal_uart.o
    0x0800c0e4   0x0800c0e4   0x0000000a   Code   RO         4059    i.UART_DMATxHalfCplt  stm32f4xx_hal_uart.o
    0x0800c0ee   0x0800c0ee   0x0000004e   Code   RO         4061    i.UART_EndRxTransfer  stm32f4xx_hal_uart.o
    0x0800c13c   0x0800c13c   0x0000001c   Code   RO         4062    i.UART_EndTxTransfer  stm32f4xx_hal_uart.o
    0x0800c158   0x0800c158   0x000000c2   Code   RO         4063    i.UART_Receive_IT   stm32f4xx_hal_uart.o
    0x0800c21a   0x0800c21a   0x00000002   PAD
    0x0800c21c   0x0800c21c   0x0000010c   Code   RO         4064    i.UART_SetConfig    stm32f4xx_hal_uart.o
    0x0800c328   0x0800c328   0x00000036   Code   RO         4066    i.UART_Start_Receive_IT  stm32f4xx_hal_uart.o
    0x0800c35e   0x0800c35e   0x00000072   Code   RO         4067    i.UART_WaitOnFlagUntilTimeout  stm32f4xx_hal_uart.o
    0x0800c3d0   0x0800c3d0   0x0000000c   Code   RO          687    i.USART1_IRQHandler  stm32f4xx_it.o
    0x0800c3dc   0x0800c3dc   0x0000000c   Code   RO          688    i.USART2_IRQHandler  stm32f4xx_it.o
    0x0800c3e8   0x0800c3e8   0x0000000c   Code   RO          689    i.USART3_IRQHandler  stm32f4xx_it.o
    0x0800c3f4   0x0800c3f4   0x00000038   Code   RO         9186    i.USBH_AllocPipe    usbh_pipes.o
    0x0800c42c   0x0800c42c   0x0000000a   Code   RO         9187    i.USBH_ClosePipe    usbh_pipes.o
    0x0800c436   0x0800c436   0x0000001e   Code   RO         9010    i.USBH_ClrFeature   usbh_ctlreq.o
    0x0800c454   0x0800c454   0x0000001e   Code   RO         9116    i.USBH_CtlReceiveData  usbh_ioreq.o
    0x0800c472   0x0800c472   0x00000060   Code   RO         9011    i.USBH_CtlReq       usbh_ctlreq.o
    0x0800c4d2   0x0800c4d2   0x00000028   Code   RO         9117    i.USBH_CtlSendData  usbh_ioreq.o
    0x0800c4fa   0x0800c4fa   0x0000001e   Code   RO         9118    i.USBH_CtlSendSetup  usbh_ioreq.o
    0x0800c518   0x0800c518   0x00000004   Code   RO         8698    i.USBH_Delay        usbh_conf.o
    0x0800c51c   0x0800c51c   0x00000044   Code   RO         8863    i.USBH_FindInterface  usbh_core.o
    0x0800c560   0x0800c560   0x00000018   Code   RO         9188    i.USBH_FreePipe     usbh_pipes.o
    0x0800c578   0x0800c578   0x00000034   Code   RO         9012    i.USBH_GetDescriptor  usbh_ctlreq.o
    0x0800c5ac   0x0800c5ac   0x0000000e   Code   RO         9013    i.USBH_GetNextDesc  usbh_ctlreq.o
    0x0800c5ba   0x0800c5ba   0x00000036   Code   RO         9014    i.USBH_Get_CfgDesc  usbh_ctlreq.o
    0x0800c5f0   0x0800c5f0   0x00000036   Code   RO         9015    i.USBH_Get_DevDesc  usbh_ctlreq.o
    0x0800c626   0x0800c626   0x00000054   Code   RO         9016    i.USBH_Get_StringDesc  usbh_ctlreq.o
    0x0800c67a   0x0800c67a   0x00000018   Code   RO         8699    i.USBH_Get_USB_Status  usbh_conf.o
    0x0800c692   0x0800c692   0x000000ba   Code   RO         8448    i.USBH_HID_ClassRequest  usbh_hid_gamepad.o
    0x0800c74c   0x0800c74c   0x000001e0   Code   RO         8642    i.USBH_HID_EventCallback  usb_host.o
    0x0800c92c   0x0800c92c   0x0000000e   Code   RO         9230    i.USBH_HID_FifoInit  usbh_hid.o
    0x0800c93a   0x0800c93a   0x00000044   Code   RO         9231    i.USBH_HID_FifoRead  usbh_hid.o
    0x0800c97e   0x0800c97e   0x00000050   Code   RO         9232    i.USBH_HID_FifoWrite  usbh_hid.o
    0x0800c9ce   0x0800c9ce   0x00000002   PAD
    0x0800c9d0   0x0800c9d0   0x00000044   Code   RO         8449    i.USBH_HID_GamePadInit  usbh_hid_gamepad.o
    0x0800ca14   0x0800ca14   0x0000001e   Code   RO         9235    i.USBH_HID_GetHIDReportDescriptor  usbh_hid.o
    0x0800ca32   0x0800ca32   0x00000022   Code   RO         9237    i.USBH_HID_GetReport  usbh_hid.o
    0x0800ca54   0x0800ca54   0x0000004e   Code   RO         8450    i.USBH_HID_InterfaceDeInit  usbh_hid_gamepad.o
    0x0800caa2   0x0800caa2   0x00000002   PAD
    0x0800caa4   0x0800caa4   0x00000178   Code   RO         8451    i.USBH_HID_InterfaceInit  usbh_hid_gamepad.o
    0x0800cc1c   0x0800cc1c   0x00000078   Code   RO         8452    i.USBH_HID_PS2_Decode  usbh_hid_gamepad.o
    0x0800cc94   0x0800cc94   0x0000010e   Code   RO         8453    i.USBH_HID_Process  usbh_hid_gamepad.o
    0x0800cda2   0x0800cda2   0x0000003c   Code   RO         8454    i.USBH_HID_SOFProcess  usbh_hid_gamepad.o
    0x0800cdde   0x0800cdde   0x0000001a   Code   RO         9242    i.USBH_HID_SetIdle  usbh_hid.o
    0x0800cdf8   0x0800cdf8   0x00000020   Code   RO         9243    i.USBH_HID_SetProtocol  usbh_hid.o
    0x0800ce18   0x0800ce18   0x000001ac   Code   RO         9017    i.USBH_HandleControl  usbh_ctlreq.o
    0x0800cfc4   0x0800cfc4   0x00000196   Code   RO         8866    i.USBH_HandleEnum   usbh_core.o
    0x0800d15a   0x0800d15a   0x00000002   PAD
    0x0800d15c   0x0800d15c   0x00000080   Code   RO         8867    i.USBH_Init         usbh_core.o
    0x0800d1dc   0x0800d1dc   0x00000020   Code   RO         9119    i.USBH_InterruptReceiveData  usbh_ioreq.o
    0x0800d1fc   0x0800d1fc   0x00000020   Code   RO         9120    i.USBH_InterruptSendData  usbh_ioreq.o
    0x0800d21c   0x0800d21c   0x00000004   Code   RO         8701    i.USBH_LL_ClosePipe  usbh_conf.o
    0x0800d220   0x0800d220   0x0000002a   Code   RO         8869    i.USBH_LL_Connect   usbh_core.o
    0x0800d24a   0x0800d24a   0x00000042   Code   RO         8870    i.USBH_LL_Disconnect  usbh_core.o
    0x0800d28c   0x0800d28c   0x0000000c   Code   RO         8703    i.USBH_LL_DriverVBUS  usbh_conf.o
    0x0800d298   0x0800d298   0x00000008   Code   RO         8704    i.USBH_LL_GetLastXferSize  usbh_conf.o
    0x0800d2a0   0x0800d2a0   0x00000022   Code   RO         8705    i.USBH_LL_GetSpeed  usbh_conf.o
    0x0800d2c2   0x0800d2c2   0x00000008   Code   RO         8707    i.USBH_LL_GetURBState  usbh_conf.o
    0x0800d2ca   0x0800d2ca   0x0000001e   Code   RO         8871    i.USBH_LL_IncTimer  usbh_core.o
    0x0800d2e8   0x0800d2e8   0x00000050   Code   RO         8708    i.USBH_LL_Init      usbh_conf.o
    0x0800d338   0x0800d338   0x0000001e   Code   RO         8872    i.USBH_LL_NotifyURBChange  usbh_core.o
    0x0800d356   0x0800d356   0x0000001c   Code   RO         8709    i.USBH_LL_OpenPipe  usbh_conf.o
    0x0800d372   0x0800d372   0x00000008   Code   RO         8873    i.USBH_LL_PortDisabled  usbh_core.o
    0x0800d37a   0x0800d37a   0x00000020   Code   RO         8874    i.USBH_LL_PortEnabled  usbh_core.o
    0x0800d39a   0x0800d39a   0x00000012   Code   RO         8710    i.USBH_LL_ResetPort  usbh_conf.o
    0x0800d3ac   0x0800d3ac   0x00000006   Code   RO         8875    i.USBH_LL_SetTimer  usbh_core.o
    0x0800d3b2   0x0800d3b2   0x0000001e   Code   RO         8711    i.USBH_LL_SetToggle  usbh_conf.o
    0x0800d3d0   0x0800d3d0   0x00000012   Code   RO         8712    i.USBH_LL_Start     usbh_conf.o
    0x0800d3e2   0x0800d3e2   0x00000012   Code   RO         8713    i.USBH_LL_Stop      usbh_conf.o
    0x0800d3f4   0x0800d3f4   0x00000022   Code   RO         8714    i.USBH_LL_SubmitURB  usbh_conf.o
    0x0800d416   0x0800d416   0x00000014   Code   RO         9189    i.USBH_OpenPipe     usbh_pipes.o
    0x0800d42a   0x0800d42a   0x0000014a   Code   RO         9018    i.USBH_ParseCfgDesc  usbh_ctlreq.o
    0x0800d574   0x0800d574   0x0000007a   Code   RO         9019    i.USBH_ParseDevDesc  usbh_ctlreq.o
    0x0800d5ee   0x0800d5ee   0x000000b0   Code   RO         9020    i.USBH_ParseEPDesc  usbh_ctlreq.o
    0x0800d69e   0x0800d69e   0x00000002   PAD
    0x0800d6a0   0x0800d6a0   0x0000026e   Code   RO         8876    i.USBH_Process      usbh_core.o
    0x0800d90e   0x0800d90e   0x00000024   Code   RO         8877    i.USBH_Process_OS   usbh_core.o
    0x0800d932   0x0800d932   0x00000024   Code   RO         8879    i.USBH_RegisterClass  usbh_core.o
    0x0800d956   0x0800d956   0x00000016   Code   RO         8880    i.USBH_SelectInterface  usbh_core.o
    0x0800d96c   0x0800d96c   0x0000001c   Code   RO         9021    i.USBH_SetAddress   usbh_ctlreq.o
    0x0800d988   0x0800d988   0x0000001c   Code   RO         9022    i.USBH_SetCfg       usbh_ctlreq.o
    0x0800d9a4   0x0800d9a4   0x0000001c   Code   RO         9023    i.USBH_SetFeature   usbh_ctlreq.o
    0x0800d9c0   0x0800d9c0   0x00000014   Code   RO         8881    i.USBH_Start        usbh_core.o
    0x0800d9d4   0x0800d9d4   0x00000020   Code   RO         8643    i.USBH_UserProcess  usb_host.o
    0x0800d9f4   0x0800d9f4   0x00000084   Code   RO         2058    i.USB_CoreInit      stm32f4xx_ll_usb.o
    0x0800da78   0x0800da78   0x0000003c   Code   RO         2059    i.USB_CoreReset     stm32f4xx_ll_usb.o
    0x0800dab4   0x0800dab4   0x0000000c   Code   RO         2066    i.USB_DisableGlobalInt  stm32f4xx_ll_usb.o
    0x0800dac0   0x0800dac0   0x00000024   Code   RO         2067    i.USB_DoPing        stm32f4xx_ll_usb.o
    0x0800dae4   0x0800dae4   0x0000002c   Code   RO         2068    i.USB_DriveVbus     stm32f4xx_ll_usb.o
    0x0800db10   0x0800db10   0x0000000c   Code   RO         2074    i.USB_EnableGlobalInt  stm32f4xx_ll_usb.o
    0x0800db1c   0x0800db1c   0x00000038   Code   RO         2075    i.USB_FlushRxFifo   stm32f4xx_ll_usb.o
    0x0800db54   0x0800db54   0x0000003c   Code   RO         2076    i.USB_FlushTxFifo   stm32f4xx_ll_usb.o
    0x0800db90   0x0800db90   0x00000014   Code   RO         6481    i.USB_GamePad_InsertCallback  bsp_gamepad.o
    0x0800dba4   0x0800dba4   0x0000002c   Code   RO         6482    i.USB_GamePad_PullOutCallback  bsp_gamepad.o
    0x0800dbd0   0x0800dbd0   0x00000008   Code   RO         2077    i.USB_GetCurrentFrame  stm32f4xx_ll_usb.o
    0x0800dbd8   0x0800dbd8   0x0000000e   Code   RO         2079    i.USB_GetHostSpeed  stm32f4xx_ll_usb.o
    0x0800dbe6   0x0800dbe6   0x00000008   Code   RO         2080    i.USB_GetMode       stm32f4xx_ll_usb.o
    0x0800dbee   0x0800dbee   0x000000d4   Code   RO         2081    i.USB_HC_Halt       stm32f4xx_ll_usb.o
    0x0800dcc2   0x0800dcc2   0x00000002   PAD
    0x0800dcc4   0x0800dcc4   0x00000118   Code   RO         2082    i.USB_HC_Init       stm32f4xx_ll_usb.o
    0x0800dddc   0x0800dddc   0x00000008   Code   RO         2083    i.USB_HC_ReadInterrupt  stm32f4xx_ll_usb.o
    0x0800dde4   0x0800dde4   0x00000260   Code   RO         2084    i.USB_HC_StartXfer  stm32f4xx_ll_usb.o
    0x0800e044   0x0800e044   0x000000d0   Code   RO         2085    i.USB_HostInit      stm32f4xx_ll_usb.o
    0x0800e114   0x0800e114   0x00000038   Code   RO         2086    i.USB_InitFSLSPClkSel  stm32f4xx_ll_usb.o
    0x0800e14c   0x0800e14c   0x00000010   Code   RO         2087    i.USB_ReadChInterrupts  stm32f4xx_ll_usb.o
    0x0800e15c   0x0800e15c   0x00000008   Code   RO         2092    i.USB_ReadInterrupts  stm32f4xx_ll_usb.o
    0x0800e164   0x0800e164   0x0000003e   Code   RO         2093    i.USB_ReadPacket    stm32f4xx_ll_usb.o
    0x0800e1a2   0x0800e1a2   0x00000032   Code   RO         2094    i.USB_ResetPort     stm32f4xx_ll_usb.o
    0x0800e1d4   0x0800e1d4   0x0000005c   Code   RO         2095    i.USB_SetCurrentMode  stm32f4xx_ll_usb.o
    0x0800e230   0x0800e230   0x0000008a   Code   RO         2100    i.USB_StopHost      stm32f4xx_ll_usb.o
    0x0800e2ba   0x0800e2ba   0x00000002   PAD
    0x0800e2bc   0x0800e2bc   0x00000028   Code   RO         2101    i.USB_WritePacket   stm32f4xx_ll_usb.o
    0x0800e2e4   0x0800e2e4   0x00000030   Code   RO         6605    i.USER_ADC_Get_AdcBufValue  bsp_adc.o
    0x0800e314   0x0800e314   0x00000002   Code   RO          690    i.UsageFault_Handler  stm32f4xx_it.o
    0x0800e316   0x0800e316   0x00000002   PAD
    0x0800e318   0x0800e318   0x0000001c   Code   RO         6400    i.User_Flash_ReadParam  bsp_flash.o
    0x0800e334   0x0800e334   0x0000006c   Code   RO         6401    i.User_Flash_SaveParam  bsp_flash.o
    0x0800e3a0   0x0800e3a0   0x000000d0   Code   RO         7909    i.WheelSpeedCalculation  can_callback.o
    0x0800e470   0x0800e470   0x00000014   Code   RO         8588    i.WiredPS2_GetKeyState  wiredps2_gamepad.o
    0x0800e484   0x0800e484   0x00000014   Code   RO         8589    i.Wired_USB_PS2GamePad_KeyEvent_Callback  wiredps2_gamepad.o
    0x0800e498   0x0800e498   0x000001bc   Code   RO         8590    i.Wired_USB_PS2gamepad_Decode  wiredps2_gamepad.o
    0x0800e654   0x0800e654   0x000001bc   Code   RO         8591    i.Wired_USB_V2_PS2gamepad_Decode  wiredps2_gamepad.o
    0x0800e810   0x0800e810   0x00000074   Code   RO         7225    i.WriteRobotControlQueue  robotcontrol_task.o
    0x0800e884   0x0800e884   0x000000e0   Code   RO         7226    i.Xbox360GamePad_KeyEvent_Callback  robotcontrol_task.o
    0x0800e964   0x0800e964   0x000000b8   Code   RO         8532    i.Xbox360GamePad_Vibration  xbox360_gamepad.o
    0x0800ea1c   0x0800ea1c   0x00000024   Code   RO         8533    i.Xbox360_GamePad_SetVibration  xbox360_gamepad.o
    0x0800ea40   0x0800ea40   0x00000014   Code   RO         8534    i.Xbox360_GetKeyState  xbox360_gamepad.o
    0x0800ea54   0x0800ea54   0x000000b8   Code   RO         8535    i.Xbox360_gamepad_Decode  xbox360_gamepad.o
    0x0800eb0c   0x0800eb0c   0x00000090   Code   RO         7227    i._System_Reset_FromAPP_RTOS  robotcontrol_task.o
    0x0800eb9c   0x0800eb9c   0x00000020   Code   RO         9822    i.__0printf         mc_w.l(printfa.o)
    0x0800ebbc   0x0800ebbc   0x00000028   Code   RO         9824    i.__0sprintf        mc_w.l(printfa.o)
    0x0800ebe4   0x0800ebe4   0x00000030   Code   RO         9927    i.__ARM_fpclassify  m_wm.l(fpclassify.o)
    0x0800ec14   0x0800ec14   0x00000026   Code   RO         9929    i.__ARM_fpclassifyf  m_wm.l(fpclassifyf.o)
    0x0800ec3a   0x0800ec3a   0x00000020   Code   RO         3116    i.__NVIC_SetPriority  stm32f4xx_hal_cortex.o
    0x0800ec5a   0x0800ec5a   0x00000006   PAD
    0x0800ec60   0x0800ec60   0x00000360   Code   RO         9466    i.__hardfp_asin     m_wm.l(asin.o)
    0x0800efc0   0x0800efc0   0x000002d8   Code   RO         9890    i.__hardfp_atan     m_wm.l(atan.o)
    0x0800f298   0x0800f298   0x00000200   Code   RO         9480    i.__hardfp_atan2    m_wm.l(atan2.o)
    0x0800f498   0x0800f498   0x000002ac   Code   RO         9492    i.__hardfp_atan2f   m_wm.l(atan2f.o)
    0x0800f744   0x0800f744   0x00000160   Code   RO         9504    i.__hardfp_atanf    m_wm.l(atanf.o)
    0x0800f8a4   0x0800f8a4   0x00000104   Code   RO         9516    i.__hardfp_fmod     m_wm.l(fmod.o)
    0x0800f9a8   0x0800f9a8   0x00000c50   Code   RO         9528    i.__hardfp_pow      m_wm.l(pow.o)
    0x080105f8   0x080105f8   0x000000e0   Code   RO         9542    i.__hardfp_round    m_wm.l(round.o)
    0x080106d8   0x080106d8   0x000000c8   Code   RO         9546    i.__hardfp_sin      m_wm.l(sin.o)
    0x080107a0   0x080107a0   0x0000017c   Code   RO         9558    i.__hardfp_tanf     m_wm.l(tanf.o)
    0x0801091c   0x0801091c   0x00000004   PAD
    0x08010920   0x08010920   0x00000438   Code   RO         9948    i.__ieee754_rem_pio2  m_wm.l(rred.o)
    0x08010d58   0x08010d58   0x00000170   Code   RO         9904    i.__kernel_cos      m_wm.l(cos_i.o)
    0x08010ec8   0x08010ec8   0x000000f8   Code   RO         9945    i.__kernel_poly     m_wm.l(poly.o)
    0x08010fc0   0x08010fc0   0x00000130   Code   RO         9956    i.__kernel_sin      m_wm.l(sin_i.o)
    0x080110f0   0x080110f0   0x00000030   Code   RO         9907    i.__mathlib_dbl_divzero  m_wm.l(dunder.o)
    0x08011120   0x08011120   0x00000014   Code   RO         9908    i.__mathlib_dbl_infnan  m_wm.l(dunder.o)
    0x08011134   0x08011134   0x00000014   Code   RO         9909    i.__mathlib_dbl_infnan2  m_wm.l(dunder.o)
    0x08011148   0x08011148   0x00000020   Code   RO         9910    i.__mathlib_dbl_invalid  m_wm.l(dunder.o)
    0x08011168   0x08011168   0x00000020   Code   RO         9911    i.__mathlib_dbl_overflow  m_wm.l(dunder.o)
    0x08011188   0x08011188   0x00000020   Code   RO         9913    i.__mathlib_dbl_underflow  m_wm.l(dunder.o)
    0x080111a8   0x080111a8   0x00000006   Code   RO         9932    i.__mathlib_flt_infnan  m_wm.l(funder.o)
    0x080111ae   0x080111ae   0x00000006   Code   RO         9933    i.__mathlib_flt_infnan2  m_wm.l(funder.o)
    0x080111b4   0x080111b4   0x00000010   Code   RO         9934    i.__mathlib_flt_invalid  m_wm.l(funder.o)
    0x080111c4   0x080111c4   0x00000010   Code   RO         9937    i.__mathlib_flt_underflow  m_wm.l(funder.o)
    0x080111d4   0x080111d4   0x00000154   Code   RO         9953    i.__mathlib_rredf2  m_wm.l(rredf.o)
    0x08011328   0x08011328   0x0000000e   Code   RO        10039    i.__scatterload_copy  mc_w.l(handlers.o)
    0x08011336   0x08011336   0x00000002   Code   RO        10040    i.__scatterload_null  mc_w.l(handlers.o)
    0x08011338   0x08011338   0x0000000e   Code   RO        10041    i.__scatterload_zeroinit  mc_w.l(handlers.o)
    0x08011346   0x08011346   0x00000002   PAD
    0x08011348   0x08011348   0x0000000c   Code   RO        10003    i.__set_errno       mc_w.l(errno.o)
    0x08011354   0x08011354   0x00000184   Code   RO         9829    i._fp_digits        mc_w.l(printfa.o)
    0x080114d8   0x080114d8   0x000006b4   Code   RO         9830    i._printf_core      mc_w.l(printfa.o)
    0x08011b8c   0x08011b8c   0x00000024   Code   RO         9831    i._printf_post_padding  mc_w.l(printfa.o)
    0x08011bb0   0x08011bb0   0x0000002e   Code   RO         9832    i._printf_pre_padding  mc_w.l(printfa.o)
    0x08011bde   0x08011bde   0x0000000a   Code   RO         9834    i._sputc            mc_w.l(printfa.o)
    0x08011be8   0x08011be8   0x00000010   Code   RO         8026    i.apply_esc_pulse   servo_basic_control.o
    0x08011bf8   0x08011bf8   0x00000010   Code   RO         8027    i.apply_servo_pulse  servo_basic_control.o
    0x08011c08   0x08011c08   0x00000010   Code   RO         9892    i.atan              m_wm.l(atan.o)
    0x08011c18   0x08011c18   0x00000330   Code   RO         6741    i.attitudeUpdate    bsp_icm20948.o
    0x08011f48   0x08011f48   0x0000003c   Code   RO         6232    i.buzzer_SetTask    bsp_buzzer.o
    0x08011f84   0x08011f84   0x00000002   Code   RO         6233    i.buzzer_init       bsp_buzzer.o
    0x08011f86   0x08011f86   0x00000002   PAD
    0x08011f88   0x08011f88   0x00000010   Code   RO         6234    i.buzzer_off        bsp_buzzer.o
    0x08011f98   0x08011f98   0x00000010   Code   RO         6235    i.buzzer_on         bsp_buzzer.o
    0x08011fa8   0x08011fa8   0x00000050   Code   RO         6236    i.buzzer_start_task  bsp_buzzer.o
    0x08011ff8   0x08011ff8   0x0000000c   Code   RO         6237    i.buzzer_toggle     bsp_buzzer.o
    0x08012004   0x08012004   0x0000006c   Code   RO         6550    i.can1_send_ExtNum  bsp_can.o
    0x08012070   0x08012070   0x00000068   Code   RO         6551    i.can1_send_StdNum  bsp_can.o
    0x080120d8   0x080120d8   0x0000006c   Code   RO         6552    i.can2_send_ExtNum  bsp_can.o
    0x08012144   0x08012144   0x00000068   Code   RO         6553    i.can2_send_StdNum  bsp_can.o
    0x080121ac   0x080121ac   0x00000012   Code   RO         8028    i.clamp_esc_pulse   servo_basic_control.o
    0x080121be   0x080121be   0x00000002   PAD
    0x080121c0   0x080121c0   0x00000058   Code   RO         8029    i.clamp_legacy_orin_vz  servo_basic_control.o
    0x08012218   0x08012218   0x00000012   Code   RO         8030    i.clamp_servo_pulse  servo_basic_control.o
    0x0801222a   0x0801222a   0x00000002   PAD
    0x0801222c   0x0801222c   0x0000000c   Code   RO          304    i.configureTimerForRunTimeStats  freertos.o
    0x08012238   0x08012238   0x00000044   Code   RO         6286    i.delay_ms          bsp_dwt.o
    0x0801227c   0x0801227c   0x0000007c   Code   RO         6287    i.delay_us          bsp_dwt.o
    0x080122f8   0x080122f8   0x00000018   Code   RO         9923    i.fabs              m_wm.l(fabs.o)
    0x08012310   0x08012310   0x00000054   Code   RO         8031    i.finalize_rc_channel_pulse  servo_basic_control.o
    0x08012364   0x08012364   0x0000001c   Code   RO           16    i.fputc             main.o
    0x08012380   0x08012380   0x00000050   Code   RO         9850    i.free              mc_w.l(malloc.o)
    0x080123d0   0x080123d0   0x00000030   Code   RO          305    i.getRunTimeCounterValue  freertos.o
    0x08012400   0x08012400   0x0000002c   Code   RO           17    i.get_EnKeyState    main.o
    0x0801242c   0x0801242c   0x0000006c   Code   RO         6435    i.get_Freq          bsp_rtosdebug.o
    0x08012498   0x08012498   0x0000000c   Code   RO           18    i.get_HardWareVersion  main.o
    0x080124a4   0x080124a4   0x0000000c   Code   RO         6436    i.get_StartCount    bsp_rtosdebug.o
    0x080124b0   0x080124b0   0x0000000c   Code   RO         6437    i.get_TickCount     bsp_rtosdebug.o
    0x080124bc   0x080124bc   0x00000048   Code   RO         6438    i.get_UsedTime      bsp_rtosdebug.o
    0x08012504   0x08012504   0x00000028   Code   RO         6942    i.get_curloop_ki    bsp_servodrive.o
    0x0801252c   0x0801252c   0x00000028   Code   RO         6943    i.get_curloop_kp    bsp_servodrive.o
    0x08012554   0x08012554   0x00000014   Code   RO         8032    i.get_orin_ackermann_max_steering_millirad  servo_basic_control.o
    0x08012568   0x08012568   0x00000014   Code   RO         8033    i.get_orin_ackermann_min_vx_mmps  servo_basic_control.o
    0x0801257c   0x0801257c   0x00000014   Code   RO         8034    i.get_orin_ackermann_wheelbase_mm  servo_basic_control.o
    0x08012590   0x08012590   0x0000001c   Code   RO         8035    i.get_orin_esc_center_pulse  servo_basic_control.o
    0x080125ac   0x080125ac   0x00000028   Code   RO         8036    i.get_orin_esc_forward_limit_pulse  servo_basic_control.o
    0x080125d4   0x080125d4   0x00000028   Code   RO         8037    i.get_orin_esc_forward_start_pulse  servo_basic_control.o
    0x080125fc   0x080125fc   0x00000028   Code   RO         8038    i.get_orin_esc_reverse_limit_pulse  servo_basic_control.o
    0x08012624   0x08012624   0x00000028   Code   RO         8039    i.get_orin_esc_reverse_start_pulse  servo_basic_control.o
    0x0801264c   0x0801264c   0x0000001c   Code   RO         8040    i.get_orin_servo_center_pulse  servo_basic_control.o
    0x08012668   0x08012668   0x00000014   Code   RO         8041    i.get_orin_vx_deadband_mmps  servo_basic_control.o
    0x0801267c   0x0801267c   0x0000001c   Code   RO         8042    i.get_orin_vx_forward_cap_mmps  servo_basic_control.o
    0x08012698   0x08012698   0x0000001c   Code   RO         8043    i.get_orin_vx_reverse_cap_mmps  servo_basic_control.o
    0x080126b4   0x080126b4   0x00000014   Code   RO         8044    i.get_rc_override_center_us  servo_basic_control.o
    0x080126c8   0x080126c8   0x00000014   Code   RO         8350    i.get_rc_valid_min_pulse_us  servo_rc_capture.o
    0x080126dc   0x080126dc   0x00000028   Code   RO         6944    i.get_speed_ki      bsp_servodrive.o
    0x08012704   0x08012704   0x00000028   Code   RO         6945    i.get_speed_kp      bsp_servodrive.o
    0x0801272c   0x0801272c   0x00000004   Code   RO         6640    i.iic_delayms       bsp_siic.o
    0x08012730   0x08012730   0x00000018   Code   RO         6513    i.keyValue          bsp_key.o
    0x08012748   0x08012748   0x000000f0   Code   RO         6514    i.key_scan          bsp_key.o
    0x08012838   0x08012838   0x00000024   Code   RO         6827    i.lerp              bsp_rgblight.o
    0x0801285c   0x0801285c   0x00000030   Code   RO         8045    i.limit_esc_safe_pulse  servo_basic_control.o
    0x0801288c   0x0801288c   0x00000050   Code   RO         8046    i.limit_servo_safe_pulse  servo_basic_control.o
    0x080128dc   0x080128dc   0x00000014   Code   RO         7228    i.linearVel_to_rpm  robotcontrol_task.o
    0x080128f0   0x080128f0   0x00000268   Code   RO           19    i.main              main.o
    0x08012b58   0x08012b58   0x0000006c   Code   RO         9851    i.malloc            mc_w.l(malloc.o)
    0x08012bc4   0x08012bc4   0x00000014   Code   RO         8536    i.map_joystick      xbox360_gamepad.o
    0x08012bd8   0x08012bd8   0x00000010   Code   RO         7576    i.oled_page_down    show_task.o
    0x08012be8   0x08012be8   0x00000010   Code   RO         7577    i.oled_page_up      show_task.o
    0x08012bf8   0x08012bf8   0x0000012c   Code   RO         6329    i.oled_showfloat    bsp_oled.o
    0x08012d24   0x08012d24   0x0000011c   Code   RO         8047    i.orin_map_vx_to_esc  servo_basic_control.o
    0x08012e40   0x08012e40   0x000000e8   Code   RO         8048    i.orin_map_vz_to_servo  servo_basic_control.o
    0x08012f28   0x08012f28   0x00000034   Code   RO         8049    i.orin_pwm_is_active  servo_basic_control.o
    0x08012f5c   0x08012f5c   0x0000001a   Code   RO         5536    i.osDelay           cmsis_os2.o
    0x08012f76   0x08012f76   0x00000002   PAD
    0x08012f78   0x08012f78   0x00000024   Code   RO         5550    i.osKernelInitialize  cmsis_os2.o
    0x08012f9c   0x08012f9c   0x00000038   Code   RO         5553    i.osKernelStart     cmsis_os2.o
    0x08012fd4   0x08012fd4   0x00000064   Code   RO         5565    i.osMessageQueueGet  cmsis_os2.o
    0x08013038   0x08013038   0x00000058   Code   RO         5570    i.osMessageQueueNew  cmsis_os2.o
    0x08013090   0x08013090   0x00000068   Code   RO         5571    i.osMessageQueuePut  cmsis_os2.o
    0x080130f8   0x080130f8   0x0000008a   Code   RO         5595    i.osThreadNew       cmsis_os2.o
    0x08013182   0x08013182   0x00000002   PAD
    0x08013184   0x08013184   0x0000005c   Code   RO         4977    i.prvAddCurrentTaskToDelayedList  tasks.o
    0x080131e0   0x080131e0   0x000000d0   Code   RO         4978    i.prvAddNewTaskToReadyList  tasks.o
    0x080132b0   0x080132b0   0x00000058   Code   RO         5363    i.prvCheckForValidListAndQueue  timers.o
    0x08013308   0x08013308   0x00000026   Code   RO         4574    i.prvCopyDataFromQueue  queue.o
    0x0801332e   0x0801332e   0x0000006c   Code   RO         4575    i.prvCopyDataToQueue  queue.o
    0x0801339a   0x0801339a   0x00000034   Code   RO         4979    i.prvDeleteTCB      tasks.o
    0x080133ce   0x080133ce   0x00000002   PAD
    0x080133d0   0x080133d0   0x0000004c   Code   RO         6053    i.prvHeapInit       heap_4.o
    0x0801341c   0x0801341c   0x00000064   Code   RO         4980    i.prvIdleTask       tasks.o
    0x08013480   0x08013480   0x00000016   Code   RO         4576    i.prvInitialiseMutex  queue.o
    0x08013496   0x08013496   0x00000002   PAD
    0x08013498   0x08013498   0x00000022   Code   RO         4577    i.prvInitialiseNewQueue  queue.o
    0x080134ba   0x080134ba   0x00000002   PAD
    0x080134bc   0x080134bc   0x000000b2   Code   RO         4981    i.prvInitialiseNewTask  tasks.o
    0x0801356e   0x0801356e   0x00000002   PAD
    0x08013570   0x08013570   0x0000004c   Code   RO         6054    i.prvInsertBlockIntoFreeList  heap_4.o
    0x080135bc   0x080135bc   0x00000038   Code   RO         5365    i.prvInsertTimerInActiveList  timers.o
    0x080135f4   0x080135f4   0x0000001c   Code   RO         4578    i.prvIsQueueEmpty   queue.o
    0x08013610   0x08013610   0x000000fc   Code   RO         5366    i.prvProcessReceivedCommands  timers.o
    0x0801370c   0x0801370c   0x000000c0   Code   RO         5367    i.prvProcessTimerOrBlockTask  timers.o
    0x080137cc   0x080137cc   0x00000020   Code   RO         4983    i.prvResetNextTaskUnblockTime  tasks.o
    0x080137ec   0x080137ec   0x00000028   Code   RO         5368    i.prvSampleTimeNow  timers.o
    0x08013814   0x08013814   0x0000006c   Code   RO         5369    i.prvSwitchTimerLists  timers.o
    0x08013880   0x08013880   0x00000028   Code   RO         6109    i.prvTaskExitError  port.o
    0x080138a8   0x080138a8   0x00000014   Code   RO         4415    i.prvTestWaitCondition  event_groups.o
    0x080138bc   0x080138bc   0x00000024   Code   RO         5370    i.prvTimerTask      timers.o
    0x080138e0   0x080138e0   0x0000006a   Code   RO         4579    i.prvUnlockQueue    queue.o
    0x0801394a   0x0801394a   0x00000014   Code   RO         8592    i.ps2_set_bit       wiredps2_gamepad.o
    0x0801395e   0x0801395e   0x0000000c   Code   RO         8050    i.pulse_diff        servo_basic_control.o
    0x0801396a   0x0801396a   0x00000018   Code   RO         8051    i.pulse_is_inside_center  servo_basic_control.o
    0x08013982   0x08013982   0x0000001a   Code   RO         8052    i.pulse_is_outside_center  servo_basic_control.o
    0x0801399c   0x0801399c   0x000000e8   Code   RO         6055    i.pvPortMalloc      heap_4.o
    0x08013a84   0x08013a84   0x00000018   Code   RO         4987    i.pvTaskIncrementMutexHeldCount  tasks.o
    0x08013a9c   0x08013a9c   0x0000002c   Code   RO         6110    i.pxPortInitialiseStack  port.o
    0x08013ac8   0x08013ac8   0x00000224   Code   RO         7229    i.ranger_avoid      robotcontrol_task.o
    0x08013cec   0x08013cec   0x0000005c   Code   RO         8053    i.rc_debounce_apply  servo_basic_control.o
    0x08013d48   0x08013d48   0x00000038   Code   RO         8054    i.rc_debounce_reset  servo_basic_control.o
    0x08013d80   0x08013d80   0x00000044   Code   RO         8055    i.rc_guard_input_is_active  servo_basic_control.o
    0x08013dc4   0x08013dc4   0x00000054   Code   RO         8056    i.rc_inputs_are_centered  servo_basic_control.o
    0x08013e18   0x08013e18   0x00000024   Code   RO         8057    i.rc_select_pulse   servo_basic_control.o
    0x08013e3c   0x08013e3c   0x00000008   Code   RO         6641    i.readPins          bsp_siic.o
    0x08013e44   0x08013e44   0x000000dc   Code   RO         8058    i.refresh_rc_inputs  servo_basic_control.o
    0x08013f20   0x08013f20   0x00000044   Code   RO         7822    i.report_interface  reporterr_task.o
    0x08013f64   0x08013f64   0x00000194   Code   RO         7230    i.robot_en_check    robotcontrol_task.o
    0x080140f8   0x080140f8   0x00000014   Code   RO         7231    i.rpm_to_linearVel  robotcontrol_task.o
    0x0801410c   0x0801410c   0x0000009e   Code   RO         6642    i.sIIC_ReadByte     bsp_siic.o
    0x080141aa   0x080141aa   0x0000004a   Code   RO         6643    i.sIIC_SendByte     bsp_siic.o
    0x080141f4   0x080141f4   0x00000038   Code   RO         6644    i.sIIC_Start        bsp_siic.o
    0x0801422c   0x0801422c   0x00000032   Code   RO         6645    i.sIIC_Stop         bsp_siic.o
    0x0801425e   0x0801425e   0x00000058   Code   RO         6646    i.sIIC_WaitAck      bsp_siic.o
    0x080142b6   0x080142b6   0x00000002   PAD
    0x080142b8   0x080142b8   0x00000080   Code   RO         8059    i.scale_and_limit_orin_vx  servo_basic_control.o
    0x08014338   0x08014338   0x00000028   Code   RO         6647    i.setInputMode      bsp_siic.o
    0x08014360   0x08014360   0x0000002a   Code   RO         6648    i.setOutputMode     bsp_siic.o
    0x0801438a   0x0801438a   0x00000002   PAD
    0x0801438c   0x0801438c   0x0000004c   Code   RO         6742    i.setZeroPoint_attitude  bsp_icm20948.o
    0x080143d8   0x080143d8   0x00000080   Code   RO         6743    i.setZeroPoint_axis  bsp_icm20948.o
    0x08014458   0x08014458   0x0000001c   Code   RO         6946    i.set_ControlMode   bsp_servodrive.o
    0x08014474   0x08014474   0x00000078   Code   RO         6947    i.set_HallOffset    bsp_servodrive.o
    0x080144ec   0x080144ec   0x00000022   Code   RO         6948    i.set_MotorRPM      bsp_servodrive.o
    0x0801450e   0x0801450e   0x00000040   Code   RO         6949    i.set_SynCon_state  bsp_servodrive.o
    0x0801454e   0x0801454e   0x0000006e   Code   RO         6950    i.set_acctime       bsp_servodrive.o
    0x080145bc   0x080145bc   0x0000006e   Code   RO         6951    i.set_dectime       bsp_servodrive.o
    0x0801462a   0x0801462a   0x0000006e   Code   RO         6952    i.set_encoder_ErrorAlarm  bsp_servodrive.o
    0x08014698   0x08014698   0x00000064   Code   RO         6953    i.set_encoder_accuracy  bsp_servodrive.o
    0x080146fc   0x080146fc   0x00000048   Code   RO         6954    i.set_hearbeatTime  bsp_servodrive.o
    0x08014744   0x08014744   0x0000006e   Code   RO         6955    i.set_maxTemp       bsp_servodrive.o
    0x080147b2   0x080147b2   0x0000006e   Code   RO         6956    i.set_max_current   bsp_servodrive.o
    0x08014820   0x08014820   0x0000004c   Code   RO         6957    i.set_max_rpm       bsp_servodrive.o
    0x0801486c   0x0801486c   0x0000006e   Code   RO         6958    i.set_overload_factor  bsp_servodrive.o
    0x080148da   0x080148da   0x0000006e   Code   RO         6959    i.set_overload_time  bsp_servodrive.o
    0x08014948   0x08014948   0x00000072   Code   RO         6960    i.set_poles         bsp_servodrive.o
    0x080149ba   0x080149ba   0x0000006a   Code   RO         6963    i.set_rated_current  bsp_servodrive.o
    0x08014a24   0x08014a24   0x00000038   Code   RO         8060    i.set_rc_override_state  servo_basic_control.o
    0x08014a5c   0x08014a5c   0x00000010   Code   RO         8061    i.set_servo_target  servo_basic_control.o
    0x08014a6c   0x08014a6c   0x0000006e   Code   RO         6967    i.set_stoptime      bsp_servodrive.o
    0x08014ada   0x08014ada   0x0000000a   Code   RO         6649    i.sethigh           bsp_siic.o
    0x08014ae4   0x08014ae4   0x0000000a   Code   RO         6650    i.setlow            bsp_siic.o
    0x08014aee   0x08014aee   0x00000002   PAD
    0x08014af0   0x08014af0   0x00000114   Code   RO         7578    i.show_task         show_task.o
    0x08014c04   0x08014c04   0x0000006e   Code   RO         9964    i.sqrt              m_wm.l(sqrt.o)
    0x08014c72   0x08014c72   0x00000002   PAD
    0x08014c74   0x08014c74   0x00000048   Code   RO         7979    i.start_pwm_once    servo_basic_output.o
    0x08014cbc   0x08014cbc   0x000000a0   Code   RO         6402    i.stmflash_get_flash_sector  bsp_flash.o
    0x08014d5c   0x08014d5c   0x00000020   Code   RO         7232    i.target_limit_float  robotcontrol_task.o
    0x08014d7c   0x08014d7c   0x0000008c   Code   RO         8062    i.telemetry_estimate_steering_rad_from_servo_pulse  servo_basic_control.o
    0x08014e08   0x08014e08   0x00000120   Code   RO         8063    i.telemetry_estimate_vx_from_esc_pulse  servo_basic_control.o
    0x08014f28   0x08014f28   0x00000080   Code   RO         8064    i.telemetry_estimate_vz_from_pwm  servo_basic_control.o
    0x08014fa8   0x08014fa8   0x00000058   Code   RO         8065    i.telemetry_pwm_feedback_is_valid  servo_basic_control.o
    0x08015000   0x08015000   0x00000068   Code   RO         4988    i.ulTaskNotifyTake  tasks.o
    0x08015068   0x08015068   0x0000016c   Code   RO         7685    i.ultrasonic_task   sensor_ranger.o
    0x080151d4   0x080151d4   0x00000134   Code   RO         8066    i.update_control_mode_from_rc  servo_basic_control.o
    0x08015308   0x08015308   0x0000010c   Code   RO         8067    i.update_rc_channel_state  servo_basic_control.o
    0x08015414   0x08015414   0x00000026   Code   RO         4534    i.uxListRemove      list.o
    0x0801543a   0x0801543a   0x00000002   PAD
    0x0801543c   0x0801543c   0x00000018   Code   RO         4996    i.uxTaskResetEventItemValue  tasks.o
    0x08015454   0x08015454   0x00000014   Code   RO         5607    i.vApplicationGetIdleTaskMemory  cmsis_os2.o
    0x08015468   0x08015468   0x00000018   Code   RO         5608    i.vApplicationGetTimerTaskMemory  cmsis_os2.o
    0x08015480   0x08015480   0x00000002   Code   RO          306    i.vApplicationIdleHook  freertos.o
    0x08015482   0x08015482   0x00000002   PAD
    0x08015484   0x08015484   0x00000028   Code   RO          307    i.vApplicationMallocFailedHook  freertos.o
    0x080154ac   0x080154ac   0x0000001c   Code   RO          308    i.vApplicationStackOverflowHook  freertos.o
    0x080154c8   0x080154c8   0x00000004   Code   RO         4419    i.vEventGroupSetBitsCallback  event_groups.o
    0x080154cc   0x080154cc   0x00000016   Code   RO         4535    i.vListInitialise   list.o
    0x080154e2   0x080154e2   0x00000006   Code   RO         4536    i.vListInitialiseItem  list.o
    0x080154e8   0x080154e8   0x00000030   Code   RO         4537    i.vListInsert       list.o
    0x08015518   0x08015518   0x00000018   Code   RO         4538    i.vListInsertEnd    list.o
    0x08015530   0x08015530   0x00000040   Code   RO         6112    i.vPortEnterCritical  port.o
    0x08015570   0x08015570   0x00000028   Code   RO         6113    i.vPortExitCritical  port.o
    0x08015598   0x08015598   0x00000064   Code   RO         6056    i.vPortFree         heap_4.o
    0x080155fc   0x080155fc   0x00000024   Code   RO         6114    i.vPortSetupTimerInterrupt  port.o
    0x08015620   0x08015620   0x00000054   Code   RO         6115    i.vPortValidateInterruptPriority  port.o
    0x08015674   0x08015674   0x00000028   Code   RO         4585    i.vQueueAddToRegistry  queue.o
    0x0801569c   0x0801569c   0x00000044   Code   RO         4589    i.vQueueWaitForMessageRestricted  queue.o
    0x080156e0   0x080156e0   0x0000004c   Code   RO         4997    i.vTaskDelay        tasks.o
    0x0801572c   0x0801572c   0x0000008c   Code   RO         4998    i.vTaskDelayUntil   tasks.o
    0x080157b8   0x080157b8   0x00000090   Code   RO         4999    i.vTaskDelete       tasks.o
    0x08015848   0x08015848   0x00000010   Code   RO         5003    i.vTaskInternalSetTimeOutState  tasks.o
    0x08015858   0x08015858   0x0000000c   Code   RO         5005    i.vTaskMissedYield  tasks.o
    0x08015864   0x08015864   0x00000030   Code   RO         5007    i.vTaskPlaceOnEventList  tasks.o
    0x08015894   0x08015894   0x00000038   Code   RO         5008    i.vTaskPlaceOnEventListRestricted  tasks.o
    0x080158cc   0x080158cc   0x00000050   Code   RO         5009    i.vTaskPlaceOnUnorderedEventList  tasks.o
    0x0801591c   0x0801591c   0x00000090   Code   RO         5010    i.vTaskPriorityDisinheritAfterTimeout  tasks.o
    0x080159ac   0x080159ac   0x00000070   Code   RO         5012    i.vTaskRemoveFromUnorderedEventList  tasks.o
    0x08015a1c   0x08015a1c   0x0000008c   Code   RO         5016    i.vTaskStartScheduler  tasks.o
    0x08015aa8   0x08015aa8   0x00000010   Code   RO         5018    i.vTaskSuspendAll   tasks.o
    0x08015ab8   0x08015ab8   0x000000a4   Code   RO         5019    i.vTaskSwitchContext  tasks.o
    0x08015b5c   0x08015b5c   0x00000034   Code   RO         7234    i.wheelCoefficient  robotcontrol_task.o
    0x08015b90   0x08015b90   0x00000040   Code   RO         4421    i.xEventGroupClearBits  event_groups.o
    0x08015bd0   0x08015bd0   0x0000001c   Code   RO         4423    i.xEventGroupCreate  event_groups.o
    0x08015bec   0x08015bec   0x0000008c   Code   RO         4426    i.xEventGroupSetBits  event_groups.o
    0x08015c78   0x08015c78   0x00000010   Code   RO         4427    i.xEventGroupSetBitsFromISR  event_groups.o
    0x08015c88   0x08015c88   0x00000108   Code   RO         4429    i.xEventGroupWaitBits  event_groups.o
    0x08015d90   0x08015d90   0x000000f4   Code   RO         6116    i.xPortStartScheduler  port.o
    0x08015e84   0x08015e84   0x0000002c   Code   RO         6117    i.xPortSysTickHandler  port.o
    0x08015eb0   0x08015eb0   0x00000016   Code   RO         4592    i.xQueueCreateMutex  queue.o
    0x08015ec6   0x08015ec6   0x00000042   Code   RO         4594    i.xQueueGenericCreate  queue.o
    0x08015f08   0x08015f08   0x00000066   Code   RO         4595    i.xQueueGenericCreateStatic  queue.o
    0x08015f6e   0x08015f6e   0x00000002   PAD
    0x08015f70   0x08015f70   0x00000088   Code   RO         4596    i.xQueueGenericReset  queue.o
    0x08015ff8   0x08015ff8   0x00000160   Code   RO         4597    i.xQueueGenericSend  queue.o
    0x08016158   0x08016158   0x000000be   Code   RO         4598    i.xQueueGenericSendFromISR  queue.o
    0x08016216   0x08016216   0x00000002   PAD
    0x08016218   0x08016218   0x00000138   Code   RO         4607    i.xQueueReceive     queue.o
    0x08016350   0x08016350   0x0000009a   Code   RO         4608    i.xQueueReceiveFromISR  queue.o
    0x080163ea   0x080163ea   0x00000002   PAD
    0x080163ec   0x080163ec   0x00000178   Code   RO         4609    i.xQueueSemaphoreTake  queue.o
    0x08016564   0x08016564   0x00000074   Code   RO         5021    i.xTaskCheckForTimeOut  tasks.o
    0x080165d8   0x080165d8   0x0000005a   Code   RO         5022    i.xTaskCreate       tasks.o
    0x08016632   0x08016632   0x00000056   Code   RO         5023    i.xTaskCreateStatic  tasks.o
    0x08016688   0x08016688   0x000000e0   Code   RO         5024    i.xTaskGenericNotify  tasks.o
    0x08016768   0x08016768   0x0000001c   Code   RO         5027    i.xTaskGetSchedulerState  tasks.o
    0x08016784   0x08016784   0x0000000c   Code   RO         5028    i.xTaskGetTickCount  tasks.o
    0x08016790   0x08016790   0x00000010   Code   RO         5029    i.xTaskGetTickCountFromISR  tasks.o
    0x080167a0   0x080167a0   0x000000c8   Code   RO         5030    i.xTaskIncrementTick  tasks.o
    0x08016868   0x08016868   0x00000080   Code   RO         5033    i.xTaskPriorityDisinherit  tasks.o
    0x080168e8   0x080168e8   0x00000078   Code   RO         5034    i.xTaskPriorityInherit  tasks.o
    0x08016960   0x08016960   0x00000070   Code   RO         5035    i.xTaskRemoveFromEventList  tasks.o
    0x080169d0   0x080169d0   0x000000c4   Code   RO         5036    i.xTaskResumeAll    tasks.o
    0x08016a94   0x08016a94   0x00000060   Code   RO         5379    i.xTimerCreateTimerTask  timers.o
    0x08016af4   0x08016af4   0x00000068   Code   RO         5380    i.xTimerGenericCommand  timers.o
    0x08016b5c   0x08016b5c   0x00000028   Code   RO         5386    i.xTimerPendFunctionCallFromISR  timers.o
    0x08016b84   0x08016b84   0x00000024   Data   RO          309    .constdata          freertos.o
    0x08016ba8   0x08016ba8   0x00000008   Data   RO         2832    .constdata          stm32f4xx_hal_dma.o
    0x08016bb0   0x08016bb0   0x00000010   Data   RO         4373    .constdata          system_stm32f4xx.o
    0x08016bc0   0x08016bc0   0x00000008   Data   RO         4374    .constdata          system_stm32f4xx.o
    0x08016bc8   0x08016bc8   0x00000a64   Data   RO         6331    .constdata          bsp_oled.o
    0x0801762c   0x0801762c   0x00000010   Data   RO         7236    .constdata          robotcontrol_task.o
    0x0801763c   0x0801763c   0x00000020   Data   RO         7398    .constdata          serialcontrol_task.o
    0x0801765c   0x0801765c   0x00000010   Data   RO         7500    .constdata          bluetooth_task.o
    0x0801766c   0x0801766c   0x00000010   Data   RO         7752    .constdata          autorecharge_task.o
    0x0801767c   0x0801767c   0x000000a8   Data   RO         7824    .constdata          reporterr_task.o
    0x08017724   0x08017724   0x00000010   Data   RO         7910    .constdata          can_callback.o
    0x08017734   0x08017734   0x00000010   Data   RO         8645    .constdata          usb_host.o
    0x08017744   0x08017744   0x00000004   PAD
    0x08017748   0x08017748   0x00000050   Data   RO         9469    .constdata          m_wm.l(asin.o)
    0x08017798   0x08017798   0x00000088   Data   RO         9531    .constdata          m_wm.l(pow.o)
    0x08017820   0x08017820   0x00000098   Data   RO         9893    .constdata          m_wm.l(atan.o)
    0x080178b8   0x080178b8   0x00000030   Data   RO         9905    .constdata          m_wm.l(cos_i.o)
    0x080178e8   0x080178e8   0x00000008   Data   RO         9947    .constdata          m_wm.l(qnan.o)
    0x080178f0   0x080178f0   0x000000c8   Data   RO         9950    .constdata          m_wm.l(rred.o)
    0x080179b8   0x080179b8   0x00000020   Data   RO         9954    .constdata          m_wm.l(rredf.o)
    0x080179d8   0x080179d8   0x00000028   Data   RO         9957    .constdata          m_wm.l(sin_i.o)
    0x08017a00   0x08017a00   0x00000009   Data   RO          310    .conststring        freertos.o
    0x08017a09   0x08017a09   0x00000003   PAD
    0x08017a0c   0x08017a0c   0x000001eb   Data   RO         7825    .conststring        reporterr_task.o
    0x08017bf7   0x08017bf7   0x00000001   PAD
    0x08017bf8   0x08017bf8   0x00000004   Data   RO         8458    .conststring        usbh_hid_gamepad.o
    0x08017bfc   0x08017bfc   0x00000020   Data   RO        10037    Region$$Table       anon$$obj.o


    Execution Region RW_IRAM1 (Exec base: 0x20000000, Load base: 0x08017c1c, Size: 0x000105d8, Max: 0x0001c000, ABSOLUTE, COMPRESSED[0x00000278])

    Exec Addr    Load Addr    Size         Type   Attr      Idx    E Section Name        Object

    0x20000000   COMPRESSED   0x00000014   Data   RW           20    .data               main.o
    0x20000014   COMPRESSED   0x00000020   Data   RW          311    .data               freertos.o
    0x20000034   COMPRESSED   0x00000004   Data   RW          457    .data               can.o
    0x20000038   COMPRESSED   0x0000000c   Data   RW         3265    .data               stm32f4xx_hal.o
    0x20000044   COMPRESSED   0x00000004   Data   RW         4375    .data               system_stm32f4xx.o
    0x20000048   COMPRESSED   0x00000044   Data   RW         5039    .data               tasks.o
    0x2000008c   COMPRESSED   0x00000014   Data   RW         5388    .data               timers.o
    0x200000a0   COMPRESSED   0x00000004   Data   RW         5613    .data               cmsis_os2.o
    0x200000a4   COMPRESSED   0x00000020   Data   RW         6062    .data               heap_4.o
    0x200000c4   COMPRESSED   0x0000000c   Data   RW         6118    .data               port.o
    0x200000d0   COMPRESSED   0x00000004   Data   RW         6238    .data               bsp_buzzer.o
    0x200000d4   COMPRESSED   0x00000014   Data   RW         6239    .data               bsp_buzzer.o
    0x200000e8   COMPRESSED   0x00000020   Data   RW         6332    .data               bsp_oled.o
    0x20000108   COMPRESSED   0x00000004   Data   RW         6333    .data               bsp_oled.o
    0x2000010c   COMPRESSED   0x0000000c   Data   RW         6439    .data               bsp_rtosdebug.o
    0x20000118   COMPRESSED   0x0000001c   Data   RW         6483    .data               bsp_gamepad.o
    0x20000134   COMPRESSED   0x00000004   Data   RW         6515    .data               bsp_key.o
    0x20000138   COMPRESSED   0x00000006   Data   RW         6516    .data               bsp_key.o
    0x2000013e   COMPRESSED   0x00000002   PAD
    0x20000140   COMPRESSED   0x00000014   Data   RW         6554    .data               bsp_can.o
    0x20000154   COMPRESSED   0x0000000c   Data   RW         6555    .data               bsp_can.o
    0x20000160   COMPRESSED   0x0000000c   Data   RW         6556    .data               bsp_can.o
    0x2000016c   COMPRESSED   0x00000008   Data   RW         6651    .data               bsp_siic.o
    0x20000174   COMPRESSED   0x00000008   Data   RW         6652    .data               bsp_siic.o
    0x2000017c   COMPRESSED   0x00000020   Data   RW         6653    .data               bsp_siic.o
    0x2000019c   COMPRESSED   0x00000018   Data   RW         6748    .data               bsp_icm20948.o
    0x200001b4   COMPRESSED   0x00000010   Data   RW         6749    .data               bsp_icm20948.o
    0x200001c4   COMPRESSED   0x00000024   Data   RW         6829    .data               bsp_rgblight.o
    0x200001e8   COMPRESSED   0x00000080   Data   RW         6969    .data               bsp_servodrive.o
    0x20000268   COMPRESSED   0x00000029   Data   RW         7237    .data               robotcontrol_task.o
    0x20000291   COMPRESSED   0x00000002   Data   RW         7399    .data               serialcontrol_task.o
    0x20000293   COMPRESSED   0x00000005   PAD
    0x20000298   COMPRESSED   0x00000050   Data   RW         7456    .data               rc_joystick.o
    0x200002e8   COMPRESSED   0x00000020   Data   RW         7457    .data               rc_joystick.o
    0x20000308   COMPRESSED   0x00000020   Data   RW         7458    .data               rc_joystick.o
    0x20000328   COMPRESSED   0x00000020   Data   RW         7459    .data               rc_joystick.o
    0x20000348   COMPRESSED   0x0000000e   Data   RW         7501    .data               bluetooth_task.o
    0x20000356   COMPRESSED   0x00000002   PAD
    0x20000358   COMPRESSED   0x0000000c   Data   RW         7579    .data               show_task.o
    0x20000364   COMPRESSED   0x00000004   Data   RW         7655    .data               data_task.o
    0x20000368   COMPRESSED   0x00000180   Data   RW         7686    .data               sensor_ranger.o
    0x200004e8   COMPRESSED   0x0000000c   Data   RW         7687    .data               sensor_ranger.o
    0x200004f4   COMPRESSED   0x00000008   Data   RW         7688    .data               sensor_ranger.o
    0x200004fc   COMPRESSED   0x00000004   Data   RW         7689    .data               sensor_ranger.o
    0x20000500   COMPRESSED   0x0000000c   Data   RW         7690    .data               sensor_ranger.o
    0x2000050c   COMPRESSED   0x0000000c   Data   RW         7691    .data               sensor_ranger.o
    0x20000518   COMPRESSED   0x0000000c   Data   RW         7692    .data               sensor_ranger.o
    0x20000524   COMPRESSED   0x00000008   Data   RW         7693    .data               sensor_ranger.o
    0x2000052c   COMPRESSED   0x00000020   Data   RW         7753    .data               autorecharge_task.o
    0x2000054c   COMPRESSED   0x00000010   Data   RW         7788    .data               rgbstripcontrol_task.o
    0x2000055c   COMPRESSED   0x00000060   Data   RW         7855    .data               robot_select_init.o
    0x200005bc   COMPRESSED   0x00000001   Data   RW         7911    .data               can_callback.o
    0x200005bd   COMPRESSED   0x00000003   PAD
    0x200005c0   COMPRESSED   0x00000008   Data   RW         7951    .data               uart_callback.o
    0x200005c8   COMPRESSED   0x00000001   Data   RW         7980    .data               servo_basic_output.o
    0x200005c9   COMPRESSED   0x00000003   PAD
    0x200005cc   COMPRESSED   0x000000f8   Data   RW         8069    .data               servo_basic_control.o
    0x200006c4   COMPRESSED   0x00000004   Data   RW         8071    .data               servo_basic_control.o
    0x200006c8   COMPRESSED   0x00000004   Data   RW         8072    .data               servo_basic_control.o
    0x200006cc   COMPRESSED   0x00000020   Data   RW         8460    .data               usbh_hid_gamepad.o
    0x200006ec   COMPRESSED   0x00000020   Data   RW         8461    .data               usbh_hid_gamepad.o
    0x2000070c   COMPRESSED   0x00000020   Data   RW         8538    .data               xbox360_gamepad.o
    0x2000072c   COMPRESSED   0x00000018   Data   RW         8594    .data               wiredps2_gamepad.o
    0x20000744   COMPRESSED   0x00000003   Data   RW         8646    .data               usb_host.o
    0x20000747   COMPRESSED   0x00000001   PAD
    0x20000748   COMPRESSED   0x00000004   Data   RW         9990    .data               mc_w.l(stdout.o)
    0x2000074c   COMPRESSED   0x00000004   Data   RW         9999    .data               mc_w.l(mvars.o)
    0x20000750   COMPRESSED   0x00000004   Data   RW        10000    .data               mc_w.l(mvars.o)
    0x20000754   COMPRESSED   0x00000004   Data   RW        10004    .data               mc_w.l(errno.o)
    0x20000758        -       0x000000a8   Zero   RW          413    .bss                adc.o
    0x20000800        -       0x00000050   Zero   RW          456    .bss                can.o
    0x20000850        -       0x000001f8   Zero   RW          535    .bss                tim.o
    0x20000a48        -       0x000002a0   Zero   RW          615    .bss                usart.o
    0x20000ce8        -       0x00000048   Zero   RW          850    .bss                stm32f4xx_hal_timebase_tim.o
    0x20000d30        -       0x00000020   Zero   RW         2531    .bss                stm32f4xx_hal_flash.o
    0x20000d50        -       0x00000040   Zero   RW         4611    .bss                queue.o
    0x20000d90        -       0x000004c4   Zero   RW         5038    .bss                tasks.o
    0x20001254        -       0x00000118   Zero   RW         5387    .bss                timers.o
    0x2000136c        -       0x000006c0   Zero   RW         5612    .bss                cmsis_os2.o
    0x20001a2c        -       0x0000c800   Zero   RW         6061    .bss                heap_4.o
    0x2000e22c        -       0x0000040c   Zero   RW         6330    .bss                bsp_oled.o
    0x2000e638        -       0x00000140   Zero   RW         6606    .bss                bsp_adc.o
    0x2000e778        -       0x00000024   Zero   RW         6744    .bss                bsp_icm20948.o
    0x2000e79c        -       0x00000024   Zero   RW         6745    .bss                bsp_icm20948.o
    0x2000e7c0        -       0x0000000c   Zero   RW         6746    .bss                bsp_icm20948.o
    0x2000e7cc        -       0x0000006c   Zero   RW         6747    .bss                bsp_icm20948.o
    0x2000e838        -       0x00000018   Zero   RW         6828    .bss                bsp_rgblight.o
    0x2000e850        -       0x00000020   Zero   RW         7235    .bss                robotcontrol_task.o
    0x2000e870        -       0x00000032   Zero   RW         7499    .bss                bluetooth_task.o
    0x2000e8a2        -       0x00000464   Zero   RW         7540    .bss                appshow_task.o
    0x2000ed06        -       0x00000200   Zero   RW         7823    .bss                reporterr_task.o
    0x2000ef06   COMPRESSED   0x00000002   PAD
    0x2000ef08        -       0x00000010   Zero   RW         7854    .bss                robot_select_init.o
    0x2000ef18        -       0x00000020   Zero   RW         8068    .bss                servo_basic_control.o
    0x2000ef38        -       0x00000030   Zero   RW         8351    .bss                servo_rc_capture.o
    0x2000ef68        -       0x00000080   Zero   RW         8457    .bss                usbh_hid_gamepad.o
    0x2000efe8        -       0x00000100   Zero   RW         8537    .bss                xbox360_gamepad.o
    0x2000f0e8        -       0x00000100   Zero   RW         8593    .bss                wiredps2_gamepad.o
    0x2000f1e8        -       0x000009e8   Zero   RW         8644    .bss                usb_host.o
    0x2000fbd0        -       0x000003e0   Zero   RW         8715    .bss                usbh_conf.o
    0x2000ffb0        -       0x00000024   Zero   RW         8883    .bss                usbh_core.o
    0x2000ffd4   COMPRESSED   0x00000004   PAD
    0x2000ffd8        -       0x00000200   Zero   RW            2    HEAP                startup_stm32f407xx.o
    0x200101d8        -       0x00000400   Zero   RW            1    STACK               startup_stm32f407xx.o


    Execution Region RW_IRAM2 (Exec base: 0x2001c000, Load base: 0x08017e94, Size: 0x00000000, Max: 0x00004000, ABSOLUTE)

    **** No section assigned to this execution region ****


==============================================================================

Image component sizes


      Code (inc. data)   RO Data    RW Data    ZI Data      Debug   Object Name

       276         32          0          0        168       1759   adc.o
       508        126          0          0       1124       2267   appshow_task.o
       492         44         16         32          0       1775   autorecharge_task.o
      1932        254         16         14         50       5905   bluetooth_task.o
        68         14          0          0        320       1665   bsp_adc.o
       186         42          0         24          0       4021   bsp_buzzer.o
       580         30          0         44          0       5786   bsp_can.o
       244         32          0          0          0       2077   bsp_dwt.o
       296         54          0          0          0       3534   bsp_flash.o
       208         16          0         28          0       3980   bsp_gamepad.o
      2088        100          0         40        192       7268   bsp_icm20948.o
       264         28          0         10          0       2414   bsp_key.o
      1234         62       2660         36       1036       9835   bsp_oled.o
      2262        244          0         36         24      13603   bsp_rgblight.o
       204         16          0         12          0       3385   bsp_rtosdebug.o
      4042        140          0        128          0      31007   bsp_servodrive.o
       956          0          0         48          0      11130   bsp_siic.o
       388         44          0          4         80       2414   can.o
      1004         56         16          1          0       4645   can_callback.o
       618         30          0          4       1728      53775   cmsis_os2.o
      1230         62          0          4          0       2796   data_task.o
       124          4          0          0          0        822   dma.o
       536          8          0          0          0      27327   event_groups.o
       810        344         45         32          0      11035   freertos.o
       412         26          0          0          0       1119   gpio.o
       484         26          0         32      51200       4835   heap_4.o
       280         30          0          0          0       1290   imu_task.o
       138          0          0          0          0       3482   list.o
       872        146          0         20          0     758578   main.o
       786         82          0         12          0      11369   port.o
      2154         24          0          0         64      22655   queue.o
         0          0          0        176          0       2640   rc_joystick.o
      3116       1040        659          0        512       3916   reporterr_task.o
       396         54          0         16          0       2443   rgbstripcontrol_task.o
       240         64          0         96         16       3590   robot_select_init.o
      4318        366         16         41         32      67039   robotcontrol_task.o
      1060         48          0        452          0       6685   sensor_ranger.o
       576         24         32          2          0       3951   serialcontrol_task.o
      4386        286          0        256         32      45989   servo_basic_control.o
       136         22          0          1          0       1698   servo_basic_output.o
       556         72          0          0         48       9368   servo_rc_capture.o
      3936        702          0         12          0       7218   show_task.o
        36          8        392          0       1536        824   startup_stm32f407xx.o
       116         18          0         12          0       8646   stm32f4xx_hal.o
      1200         66          0          0          0       7321   stm32f4xx_hal_adc.o
      1700          6          0          0          0      14277   stm32f4xx_hal_can.o
       158         14          0          0          0      32982   stm32f4xx_hal_cortex.o
      1084         16          8          0          0       7250   stm32f4xx_hal_dma.o
       520         66          0          0         32       6478   stm32f4xx_hal_flash.o
       356         24          0          0          0       3942   stm32f4xx_hal_flash_ex.o
       892         86          0          0          0       4370   stm32f4xx_hal_gpio.o
      2804          0          0          0          0      14149   stm32f4xx_hal_hcd.o
        56          4          0          0          0        846   stm32f4xx_hal_msp.o
      1408         82          0          0          0       5817   stm32f4xx_hal_rcc.o
      3122        224          0          0          0      23555   stm32f4xx_hal_tim.o
       232         28          0          0          0       3249   stm32f4xx_hal_tim_ex.o
       152         20          0          0         72       1447   stm32f4xx_hal_timebase_tim.o
      1942         30          0          0          0      15062   stm32f4xx_hal_uart.o
       204         96          0          0          0      10090   stm32f4xx_it.o
      2220         46          0          0          0      19536   stm32f4xx_ll_usb.o
         0          0          0          0          0       9296   stream_buffer.o
        16          4         24          4          0       1091   system_stm32f4xx.o
      3290        262          0         68       1220      36769   tasks.o
      1740        132          0          0        504       7224   tim.o
        72         10          0          0          0       1005   tim_capture_callback.o
      1012         86          0         20        280      30147   timers.o
       232         50          0          8          0       1625   uart_callback.o
       880         80          0          0        672       4138   usart.o
       616         84         16          3       2536       3385   usb_host.o
       500         16          0          0        992      12901   usbh_conf.o
      1672         42          0          0         36      12778   usbh_core.o
      1524         12          0          0          0      12818   usbh_ctlreq.o
       284          0          0          0          0       9730   usbh_hid.o
      1326         56          4         64        128       7594   usbh_hid_gamepad.o
       164          0          0          0          0       4238   usbh_ioreq.o
       110          0          0          0          0       3302   usbh_pipes.o
       948         36          0         24        256       4407   wiredps2_gamepad.o
       444         44          0         32        256       4294   xbox360_gamepad.o

    ----------------------------------------------------------------------
     77534       6542       3944       1864      65152    1518673   Object Totals
         0          0         32          0          0          0   (incl. Generated)
       106          0          8         16          6          0   (incl. Padding)

    ----------------------------------------------------------------------

      Code (inc. data)   RO Data    RW Data    ZI Data      Debug   Library Member Name

       864         94         80          0          0        280   asin.o
       744        106        152          0          0        352   atan.o
       512         64          0          0          0        208   atan2.o
       684         90          0          0          0        208   atan2f.o
       352         56          0          0          0        172   atanf.o
       368         46         48          0          0        200   cos_i.o
       184         44          0          0          0        744   dunder.o
        24          0          0          0          0        124   fabs.o
       260          6          0          0          0        144   fmod.o
        48          0          0          0          0        124   fpclassify.o
        38          0          0          0          0        116   fpclassifyf.o
        44         12          0          0          0        464   funder.o
       248          0          0          0          0        152   poly.o
      3152        296        136          0          0        352   pow.o
         0          0          8          0          0          0   qnan.o
       224         30          0          0          0        172   round.o
      1080        142        200          0          0        188   rred.o
       340         24         32          0          0        160   rredf.o
       200         20          0          0          0        164   sin.o
       304         24         40          0          0        208   sin_i.o
       110          0          0          0          0        148   sqrt.o
       380         58          0          0          0        200   tanf.o
        86          0          0          0          0          0   __dczerorl2.o
         0          0          0          0          0          0   entry.o
         0          0          0          0          0          0   entry10a.o
         0          0          0          0          0          0   entry11a.o
         4          0          0          0          0          0   entry12b.o
         8          4          0          0          0          0   entry2.o
         4          0          0          0          0          0   entry5.o
         0          0          0          0          0          0   entry7b.o
         0          0          0          0          0          0   entry8b.o
         8          4          0          0          0          0   entry9a.o
        12          6          0          4          0         68   errno.o
        30          0          0          0          0          0   handlers.o
        36          8          0          0          0         68   init.o
         0          0          0          0          0          0   iusefp.o
        30          0          0          0          0         68   llshl.o
        36          0          0          0          0         68   llsshr.o
        32          0          0          0          0         68   llushr.o
       188         20          0          0          0        160   malloc.o
        36          0          0          0          0         68   memcpya.o
        36          0          0          0          0        108   memseta.o
         0          0          0          8          0          0   mvars.o
      2268         96          0          0          0        616   printfa.o
         0          0          0          4          0          0   stdout.o
        24          0          0          0          0         68   strcat.o
        14          0          0          0          0         68   strlen.o
        44          0          0          0          0         80   uidiv.o
        98          0          0          0          0         92   uldiv.o
        48          0          0          0          0         68   cdcmple.o
        48          0          0          0          0         68   cdrcmple.o
        56          0          0          0          0         88   d2f.o
       334          0          0          0          0        148   dadd.o
       222          0          0          0          0        100   ddiv.o
       186          0          0          0          0        176   depilogue.o
        62          0          0          0          0         80   dfixi.o
        50          0          0          0          0         76   dfixui.o
        48          0          0          0          0         68   dfixul.o
        34          0          0          0          0         76   dflti.o
        26          0          0          0          0         76   dfltui.o
       228          0          0          0          0         96   dmul.o
       134          0          0          0          0         96   drem.o
       136          4          0          0          0         92   drnd.o
        46          0          0          0          0         80   dscalb.o
       162          0          0          0          0        100   dsqrt.o
        38          0          0          0          0         68   f2d.o
       110          0          0          0          0        168   fepilogue.o

    ----------------------------------------------------------------------
     15134       1258        696         16          0       8204   Library Totals
        12          4          0          0          0          0   (incl. Padding)

    ----------------------------------------------------------------------

      Code (inc. data)   RO Data    RW Data    ZI Data      Debug   Library Name

     10160       1112        696          0          0       4880   m_wm.l
      2994        138          0         16          0       1600   mc_w.l
      1968          4          0          0          0       1724   mf_w.l

    ----------------------------------------------------------------------
     15134       1258        696         16          0       8204   Library Totals

    ----------------------------------------------------------------------

==============================================================================


      Code (inc. data)   RO Data    RW Data    ZI Data      Debug   

     92668       7800       4640       1880      65152    1458941   Grand Totals
     92668       7800       4640        632      65152    1458941   ELF Image Totals (compressed)
     92668       7800       4640        632          0          0   ROM Totals

==============================================================================

    Total RO  Size (Code + RO Data)                97308 (  95.03kB)
    Total RW  Size (RW Data + ZI Data)             67032 (  65.46kB)
    Total ROM Size (Code + RO Data + RW Data)      97940 (  95.64kB)

==============================================================================

